D/StatusBar.MSimNetworkController( 2851): refreshViews: Data not connected!! Set no data type icon / Roaming for phoneId: 0
D/StatusBar.MSimNetworkController( 2851): refreshViews phoneId =0mMSimDataConnected =false
D/StatusBar.MSimNetworkController( 2851): refreshViews mMSimDataActivity =0
D/StatusBar.MSimNetworkController( 2851): refreshViews: Data not connected!! Set no data type icon / Roaming for phoneId: 0
D/StatusBar.MSimNetworkController( 2851): refreshViews phoneId =0mMSimDataConnected =false
D/StatusBar.MSimNetworkController( 2851): refreshViews mMSimDataActivity =0
D/StatusBar.MSimNetworkController( 2851): refreshViews: Data not connected!! Set no data type icon / Roaming for phoneId: 0
D/StatusBar.MSimNetworkController( 2851): refreshViews phoneId =0mMSimDataConnected =false
D/StatusBar.MSimNetworkController( 2851): refreshViews mMSimDataActivity =0
D/StatusBar.MSimNetworkController( 2851): refreshViews: Data not connected!! Set no data type icon / Roaming for phoneId: 0
W/ContextImpl( 2851): Calling a method in the system process without a qualified user: android.app.ContextImpl.sendBroadcast:1425 android.content.ContextWrapper.sendBroadcast:384 com.android.systemui.statusbar.policy.DateView.updateClock:117 com.android.systemui.statusbar.policy.DateView$1.onReceive:59 android.app.LoadedApk$ReceiverDispatcher$Args.run:866 
W/ContextImpl( 2851): Calling a method in the system process without a qualified user: android.app.ContextImpl.sendBroadcast:1425 android.content.ContextWrapper.sendBroadcast:384 com.android.systemui.statusbar.policy.DateView.updateClock:117 com.android.systemui.statusbar.policy.DateView$1.onReceive:59 android.app.LoadedApk$ReceiverDispatcher$Args.run:866 
D/ConnectivityService(  867): releasing NetworkRequest NetworkRequest [ id=47, legacyType=5, [ Transports: CELLULAR Capabilities: INTERNET&NOT_RESTRICTED&TRUSTED&NOT_VPN] ]
D/StatusBar.MSimNetworkController( 2851): refreshViews phoneId =0mMSimDataConnected =false
D/StatusBar.MSimNetworkController( 2851): refreshViews mMSimDataActivity =0
D/StatusBar.MSimNetworkController( 2851): refreshViews: Data not connected!! Set no data type icon / Roaming for phoneId: 0
D/StatusBar.MSimNetworkController( 2851): refreshViews phoneId =0mMSimDataConnected =false
D/StatusBar.MSimNetworkController( 2851): refreshViews mMSimDataActivity =0
D/StatusBar.MSimNetworkController( 2851): refreshViews: Data not connected!! Set no data type icon / Roaming for phoneId: 0
D/StatusBar.MSimNetworkController( 2851): refreshViews phoneId =0mMSimDataConnected =false
D/StatusBar.MSimNetworkController( 2851): refreshViews mMSimDataActivity =0
D/StatusBar.MSimNetworkController( 2851): refreshViews: Data not connected!! Set no data type icon / Roaming for phoneId: 0
D/StatusBar.MSimNetworkController( 2851): refreshViews phoneId =0mMSimDataConnected =false
D/StatusBar.MSimNetworkController( 2851): refreshViews mMSimDataActivity =0
D/StatusBar.MSimNetworkController( 2851): refreshViews: Data not connected!! Set no data type icon / Roaming for phoneId: 0
D/StatusBar.MSimNetworkController( 2851): refreshViews phoneId =0mMSimDataConnected =false
D/StatusBar.MSimNetworkController( 2851): refreshViews mMSimDataActivity =0
D/StatusBar.MSimNetworkController( 2851): refreshViews: Data not connected!! Set no data type icon / Roaming for phoneId: 0
D/StatusBar.MSimNetworkController( 2851): refreshViews phoneId =0mMSimDataConnected =false
D/StatusBar.MSimNetworkController( 2851): refreshViews mMSimDataActivity =0
D/StatusBar.MSimNetworkController( 2851): refreshViews: Data not connected!! Set no data type icon / Roaming for phoneId: 0
D/StatusBar.MSimNetworkController( 2851): refreshViews phoneId =0mMSimDataConnected =false
D/StatusBar.MSimNetworkController( 2851): refreshViews mMSimDataActivity =0
D/StatusBar.MSimNetworkController( 2851): refreshViews: Data not connected!! Set no data type icon / Roaming for phoneId: 0
D/StatusBar.MSimNetworkController( 2851): refreshViews phoneId =0mMSimDataConnected =false
D/StatusBar.MSimNetworkController( 2851): refreshViews mMSimDataActivity =0
D/StatusBar.MSimNetworkController( 2851): refreshViews: Data not connected!! Set no data type icon / Roaming for phoneId: 0
D/StatusBar.MSimNetworkController( 2851): refreshViews phoneId =0mMSimDataConnected =false
D/StatusBar.MSimNetworkController( 2851): refreshViews mMSimDataActivity =0
D/StatusBar.MSimNetworkController( 2851): refreshViews: Data not connected!! Set no data type icon / Roaming for phoneId: 0
D/StatusBar.MSimNetworkController( 2851): refreshViews phoneId =0mMSimDataConnected =false
D/StatusBar.MSimNetworkController( 2851): refreshViews mMSimDataActivity =0
D/StatusBar.MSimNetworkController( 2851): refreshViews: Data not connected!! Set no data type icon / Roaming for phoneId: 0
D/StatusBar.MSimNetworkController( 2851): refreshViews phoneId =0mMSimDataConnected =false
D/StatusBar.MSimNetworkController( 2851): refreshViews mMSimDataActivity =0
D/StatusBar.MSimNetworkController( 2851): refreshViews: Data not connected!! Set no data type icon / Roaming for phoneId: 0
D/StatusBar.MSimNetworkController( 2851): refreshViews phoneId =0mMSimDataConnected =false
D/StatusBar.MSimNetworkController( 2851): refreshViews mMSimDataActivity =0
D/StatusBar.MSimNetworkController( 2851): refreshViews: Data not connected!! Set no data type icon / Roaming for phoneId: 0
D/StatusBar.MSimNetworkController( 2851): refreshViews phoneId =0mMSimDataConnected =false
D/StatusBar.MSimNetworkController( 2851): refreshViews mMSimDataActivity =0
D/StatusBar.MSimNetworkController( 2851): refreshViews: Data not connected!! Set no data type icon / Roaming for phoneId: 0
D/StatusBar.MSimNetworkController( 2851): refreshViews phoneId =0mMSimDataConnected =false
D/StatusBar.MSimNetworkController( 2851): refreshViews mMSimDataActivity =0
D/StatusBar.MSimNetworkController( 2851): refreshViews: Data not connected!! Set no data type icon / Roaming for phoneId: 0
D/StatusBar.MSimNetworkController( 2851): refreshViews phoneId =0mMSimDataConnected =false
D/StatusBar.MSimNetworkController( 2851): refreshViews mMSimDataActivity =0
D/StatusBar.MSimNetworkController( 2851): refreshViews: Data not connected!! Set no data type icon / Roaming for phoneId: 0
D/StatusBar.MSimNetworkController( 2851): refreshViews phoneId =0mMSimDataConnected =false
D/StatusBar.MSimNetworkController( 2851): refreshViews mMSimDataActivity =0
D/StatusBar.MSimNetworkController( 2851): refreshViews: Data not connected!! Set no data type icon / Roaming for phoneId: 0
W/ContextImpl( 2851): Calling a method in the system process without a qualified user: android.app.ContextImpl.sendBroadcast:1425 android.content.ContextWrapper.sendBroadcast:384 com.android.systemui.statusbar.policy.DateView.updateClock:117 com.android.systemui.statusbar.policy.DateView$1.onReceive:59 android.app.LoadedApk$ReceiverDispatcher$Args.run:866 
W/ContextImpl( 2851): Calling a method in the system process without a qualified user: android.app.ContextImpl.sendBroadcast:1425 android.content.ContextWrapper.sendBroadcast:384 com.android.systemui.statusbar.policy.DateView.updateClock:117 com.android.systemui.statusbar.policy.DateView$1.onReceive:59 android.app.LoadedApk$ReceiverDispatcher$Args.run:866 
D/StatusBar.MSimNetworkController( 2851): refreshViews phoneId =0mMSimDataConnected =false
D/StatusBar.MSimNetworkController( 2851): refreshViews mMSimDataActivity =0
D/StatusBar.MSimNetworkController( 2851): refreshViews: Data not connected!! Set no data type icon / Roaming for phoneId: 0
D/StatusBar.MSimNetworkController( 2851): refreshViews phoneId =0mMSimDataConnected =false
D/StatusBar.MSimNetworkController( 2851): refreshViews mMSimDataActivity =0
D/StatusBar.MSimNetworkController( 2851): refreshViews: Data not connected!! Set no data type icon / Roaming for phoneId: 0
D/StatusBar.MSimNetworkController( 2851): refreshViews phoneId =0mMSimDataConnected =false
D/StatusBar.MSimNetworkController( 2851): refreshViews mMSimDataActivity =0
D/StatusBar.MSimNetworkController( 2851): refreshViews: Data not connected!! Set no data type icon / Roaming for phoneId: 0
D/StatusBar.MSimNetworkController( 2851): refreshViews phoneId =0mMSimDataConnected =false
D/StatusBar.MSimNetworkController( 2851): refreshViews mMSimDataActivity =0
D/StatusBar.MSimNetworkController( 2851): refreshViews: Data not connected!! Set no data type icon / Roaming for phoneId: 0
D/StatusBar.MSimNetworkController( 2851): refreshViews phoneId =0mMSimDataConnected =false
D/StatusBar.MSimNetworkController( 2851): refreshViews mMSimDataActivity =0
D/StatusBar.MSimNetworkController( 2851): refreshViews: Data not connected!! Set no data type icon / Roaming for phoneId: 0
D/StatusBar.MSimNetworkController( 2851): refreshViews phoneId =0mMSimDataConnected =false
D/StatusBar.MSimNetworkController( 2851): refreshViews mMSimDataActivity =0
D/StatusBar.MSimNetworkController( 2851): refreshViews: Data not connected!! Set no data type icon / Roaming for phoneId: 0
D/StatusBar.MSimNetworkController( 2851): refreshViews phoneId =0mMSimDataConnected =false
D/StatusBar.MSimNetworkController( 2851): refreshViews mMSimDataActivity =0
D/StatusBar.MSimNetworkController( 2851): refreshViews: Data not connected!! Set no data type icon / Roaming for phoneId: 0
D/StatusBar.MSimNetworkController( 2851): refreshViews phoneId =0mMSimDataConnected =false
D/StatusBar.MSimNetworkController( 2851): refreshViews mMSimDataActivity =0
D/StatusBar.MSimNetworkController( 2851): refreshViews: Data not connected!! Set no data type icon / Roaming for phoneId: 0
D/ConnectivityService(  867): notifyType IP_CHANGED for NetworkAgentInfo [WIFI () - 100]
D/ConnectivityService(  867): NetworkAgentInfo [WIFI () - 100] EVENT_NETWORK_INFO_CHANGED, going from CONNECTED to CONNECTING
D/StatusBar.MSimNetworkController( 2851): refreshViews phoneId =0mMSimDataConnected =false
D/StatusBar.MSimNetworkController( 2851): refreshViews mMSimDataActivity =0
D/ConnectivityService(  867): NetworkAgentInfo [WIFI () - 100] EVENT_NETWORK_INFO_CHANGED, going from CONNECTING to CONNECTED
D/StatusBar.MSimNetworkController( 2851): refreshViews: Data not connected!! Set no data type icon / Roaming for phoneId: 0
D/StatusBar.MSimNetworkController( 2851): refreshViews phoneId =0mMSimDataConnected =false
D/StatusBar.MSimNetworkController( 2851): refreshViews mMSimDataActivity =0
D/StatusBar.MSimNetworkController( 2851): refreshViews: Data not connected!! Set no data type icon / Roaming for phoneId: 0
D/StatusBar.MSimNetworkController( 2851): refreshViews phoneId =0mMSimDataConnected =false
D/StatusBar.MSimNetworkController( 2851): refreshViews mMSimDataActivity =0
D/StatusBar.MSimNetworkController( 2851): refreshViews: Data not connected!! Set no data type icon / Roaming for phoneId: 0
D/StatusBar.MSimNetworkController( 2851): refreshViews phoneId =0mMSimDataConnected =false
D/StatusBar.MSimNetworkController( 2851): refreshViews mMSimDataActivity =0
D/StatusBar.MSimNetworkController( 2851): refreshViews: Data not connected!! Set no data type icon / Roaming for phoneId: 0
D/StatusBar.MSimNetworkController( 2851): refreshViews phoneId =0mMSimDataConnected =false
D/StatusBar.MSimNetworkController( 2851): refreshViews mMSimDataActivity =0
D/StatusBar.MSimNetworkController( 2851): refreshViews: Data not connected!! Set no data type icon / Roaming for phoneId: 0
D/StatusBar.MSimNetworkController( 2851): refreshViews phoneId =0mMSimDataConnected =false
D/StatusBar.MSimNetworkController( 2851): refreshViews mMSimDataActivity =0
D/StatusBar.MSimNetworkController( 2851): refreshViews: Data not connected!! Set no data type icon / Roaming for phoneId: 0
W/ProcessCpuTracker(  867): Skipping unknown process pid 1883
D/StatusBar.MSimNetworkController( 2851): refreshViews phoneId =0mMSimDataConnected =false
D/StatusBar.MSimNetworkController( 2851): refreshViews mMSimDataActivity =0
D/StatusBar.MSimNetworkController( 2851): refreshViews: Data not connected!! Set no data type icon / Roaming for phoneId: 0
D/StatusBar.MSimNetworkController( 2851): refreshViews phoneId =0mMSimDataConnected =false
D/StatusBar.MSimNetworkController( 2851): refreshViews mMSimDataActivity =0
D/StatusBar.MSimNetworkController( 2851): refreshViews: Data not connected!! Set no data type icon / Roaming for phoneId: 0
D/StatusBar.MSimNetworkController( 2851): refreshViews phoneId =0mMSimDataConnected =false
D/StatusBar.MSimNetworkController( 2851): refreshViews mMSimDataActivity =0
D/StatusBar.MSimNetworkController( 2851): refreshViews: Data not connected!! Set no data type icon / Roaming for phoneId: 0
D/StatusBar.MSimNetworkController( 2851): refreshViews phoneId =0mMSimDataConnected =false
D/StatusBar.MSimNetworkController( 2851): refreshViews mMSimDataActivity =0
D/StatusBar.MSimNetworkController( 2851): refreshViews: Data not connected!! Set no data type icon / Roaming for phoneId: 0
D/StatusBar.MSimNetworkController( 2851): refreshViews phoneId =0mMSimDataConnected =false
D/StatusBar.MSimNetworkController( 2851): refreshViews mMSimDataActivity =0
D/StatusBar.MSimNetworkController( 2851): refreshViews: Data not connected!! Set no data type icon / Roaming for phoneId: 0
D/StatusBar.MSimNetworkController( 2851): refreshViews phoneId =0mMSimDataConnected =false
D/StatusBar.MSimNetworkController( 2851): refreshViews mMSimDataActivity =0
D/StatusBar.MSimNetworkController( 2851): refreshViews: Data not connected!! Set no data type icon / Roaming for phoneId: 0
D/StatusBar.MSimNetworkController( 2851): refreshViews phoneId =0mMSimDataConnected =false
D/StatusBar.MSimNetworkController( 2851): refreshViews mMSimDataActivity =0
D/StatusBar.MSimNetworkController( 2851): refreshViews: Data not connected!! Set no data type icon / Roaming for phoneId: 0
D/StatusBar.MSimNetworkController( 2851): refreshViews phoneId =0mMSimDataConnected =false
D/StatusBar.MSimNetworkController( 2851): refreshViews mMSimDataActivity =0
D/StatusBar.MSimNetworkController( 2851): refreshViews: Data not connected!! Set no data type icon / Roaming for phoneId: 0
D/StatusBar.MSimNetworkController( 2851): refreshViews phoneId =0mMSimDataConnected =false
D/StatusBar.MSimNetworkController( 2851): refreshViews mMSimDataActivity =0
D/StatusBar.MSimNetworkController( 2851): refreshViews: Data not connected!! Set no data type icon / Roaming for phoneId: 0
D/StatusBar.MSimNetworkController( 2851): refreshViews phoneId =0mMSimDataConnected =false
D/StatusBar.MSimNetworkController( 2851): refreshViews mMSimDataActivity =0
D/StatusBar.MSimNetworkController( 2851): refreshViews: Data not connected!! Set no data type icon / Roaming for phoneId: 0
D/StatusBar.MSimNetworkController( 2851): refreshViews phoneId =0mMSimDataConnected =false
D/StatusBar.MSimNetworkController( 2851): refreshViews mMSimDataActivity =0
D/StatusBar.MSimNetworkController( 2851): refreshViews: Data not connected!! Set no data type icon / Roaming for phoneId: 0
D/StatusBar.MSimNetworkController( 2851): refreshViews phoneId =0mMSimDataConnected =false
D/StatusBar.MSimNetworkController( 2851): refreshViews mMSimDataActivity =0
D/StatusBar.MSimNetworkController( 2851): refreshViews: Data not connected!! Set no data type icon / Roaming for phoneId: 0
D/StatusBar.MSimNetworkController( 2851): refreshViews phoneId =0mMSimDataConnected =false
D/StatusBar.MSimNetworkController( 2851): refreshViews mMSimDataActivity =0
D/StatusBar.MSimNetworkController( 2851): refreshViews: Data not connected!! Set no data type icon / Roaming for phoneId: 0
D/StatusBar.MSimNetworkController( 2851): refreshViews phoneId =0mMSimDataConnected =false
D/StatusBar.MSimNetworkController( 2851): refreshViews mMSimDataActivity =0
D/StatusBar.MSimNetworkController( 2851): refreshViews: Data not connected!! Set no data type icon / Roaming for phoneId: 0
D/StatusBar.MSimNetworkController( 2851): refreshViews phoneId =0mMSimDataConnected =false
D/StatusBar.MSimNetworkController( 2851): refreshViews mMSimDataActivity =0
D/StatusBar.MSimNetworkController( 2851): refreshViews: Data not connected!! Set no data type icon / Roaming for phoneId: 0
D/StatusBar.MSimNetworkController( 2851): refreshViews phoneId =0mMSimDataConnected =false
D/StatusBar.MSimNetworkController( 2851): refreshViews mMSimDataActivity =0
D/StatusBar.MSimNetworkController( 2851): refreshViews: Data not connected!! Set no data type icon / Roaming for phoneId: 0
D/StatusBar.MSimNetworkController( 2851): refreshViews phoneId =0mMSimDataConnected =false
D/StatusBar.MSimNetworkController( 2851): refreshViews mMSimDataActivity =0
D/StatusBar.MSimNetworkController( 2851): refreshViews: Data not connected!! Set no data type icon / Roaming for phoneId: 0
D/StatusBar.MSimNetworkController( 2851): refreshViews phoneId =0mMSimDataConnected =false
D/StatusBar.MSimNetworkController( 2851): refreshViews mMSimDataActivity =0
D/StatusBar.MSimNetworkController( 2851): refreshViews: Data not connected!! Set no data type icon / Roaming for phoneId: 0
W/ContextImpl( 2851): Calling a method in the system process without a qualified user: android.app.ContextImpl.sendBroadcast:1425 android.content.ContextWrapper.sendBroadcast:384 com.android.systemui.statusbar.policy.DateView.updateClock:117 com.android.systemui.statusbar.policy.DateView$1.onReceive:59 android.app.LoadedApk$ReceiverDispatcher$Args.run:866 
W/ContextImpl( 2851): Calling a method in the system process without a qualified user: android.app.ContextImpl.sendBroadcast:1425 android.content.ContextWrapper.sendBroadcast:384 com.android.systemui.statusbar.policy.DateView.updateClock:117 com.android.systemui.statusbar.policy.DateView$1.onReceive:59 android.app.LoadedApk$ReceiverDispatcher$Args.run:866 
W/ProcessCpuTracker(  867): Skipping unknown process pid 1970
D/StatusBar.MSimNetworkController( 2851): refreshViews phoneId =0mMSimDataConnected =false
D/StatusBar.MSimNetworkController( 2851): refreshViews mMSimDataActivity =0
D/StatusBar.MSimNetworkController( 2851): refreshViews: Data not connected!! Set no data type icon / Roaming for phoneId: 0
D/StatusBar.MSimNetworkController( 2851): refreshViews phoneId =0mMSimDataConnected =false
D/StatusBar.MSimNetworkController( 2851): refreshViews mMSimDataActivity =0
D/StatusBar.MSimNetworkController( 2851): refreshViews: Data not connected!! Set no data type icon / Roaming for phoneId: 0
D/StatusBar.MSimNetworkController( 2851): refreshViews phoneId =0mMSimDataConnected =false
D/StatusBar.MSimNetworkController( 2851): refreshViews mMSimDataActivity =0
D/StatusBar.MSimNetworkController( 2851): refreshViews: Data not connected!! Set no data type icon / Roaming for phoneId: 0
D/StatusBar.MSimNetworkController( 2851): refreshViews phoneId =0mMSimDataConnected =false
D/StatusBar.MSimNetworkController( 2851): refreshViews mMSimDataActivity =0
D/StatusBar.MSimNetworkController( 2851): refreshViews: Data not connected!! Set no data type icon / Roaming for phoneId: 0
D/StatusBar.MSimNetworkController( 2851): refreshViews phoneId =0mMSimDataConnected =false
D/StatusBar.MSimNetworkController( 2851): refreshViews mMSimDataActivity =0
D/StatusBar.MSimNetworkController( 2851): refreshViews: Data not connected!! Set no data type icon / Roaming for phoneId: 0
D/StatusBar.MSimNetworkController( 2851): refreshViews phoneId =0mMSimDataConnected =false
D/StatusBar.MSimNetworkController( 2851): refreshViews mMSimDataActivity =0
D/StatusBar.MSimNetworkController( 2851): refreshViews: Data not connected!! Set no data type icon / Roaming for phoneId: 0
D/StatusBar.MSimNetworkController( 2851): refreshViews phoneId =0mMSimDataConnected =false
D/StatusBar.MSimNetworkController( 2851): refreshViews mMSimDataActivity =0
D/StatusBar.MSimNetworkController( 2851): refreshViews: Data not connected!! Set no data type icon / Roaming for phoneId: 0
D/StatusBar.MSimNetworkController( 2851): refreshViews phoneId =0mMSimDataConnected =false
D/StatusBar.MSimNetworkController( 2851): refreshViews mMSimDataActivity =0
D/StatusBar.MSimNetworkController( 2851): refreshViews: Data not connected!! Set no data type icon / Roaming for phoneId: 0
D/StatusBar.MSimNetworkController( 2851): refreshViews phoneId =0mMSimDataConnected =false
D/StatusBar.MSimNetworkController( 2851): refreshViews mMSimDataActivity =0
D/StatusBar.MSimNetworkController( 2851): refreshViews: Data not connected!! Set no data type icon / Roaming for phoneId: 0
D/StatusBar.MSimNetworkController( 2851): refreshViews phoneId =0mMSimDataConnected =false
D/StatusBar.MSimNetworkController( 2851): refreshViews mMSimDataActivity =0
D/StatusBar.MSimNetworkController( 2851): refreshViews: Data not connected!! Set no data type icon / Roaming for phoneId: 0
W/ContextImpl( 2851): Calling a method in the system process without a qualified user: android.app.ContextImpl.sendBroadcast:1425 android.content.ContextWrapper.sendBroadcast:384 com.android.systemui.statusbar.policy.DateView.updateClock:117 com.android.systemui.statusbar.policy.DateView$1.onReceive:59 android.app.LoadedApk$ReceiverDispatcher$Args.run:866 
W/ContextImpl( 2851): Calling a method in the system process without a qualified user: android.app.ContextImpl.sendBroadcast:1425 android.content.ContextWrapper.sendBroadcast:384 com.android.systemui.statusbar.policy.DateView.updateClock:117 com.android.systemui.statusbar.policy.DateView$1.onReceive:59 android.app.LoadedApk$ReceiverDispatcher$Args.run:866 
D/StatusBar.MSimNetworkController( 2851): refreshViews phoneId =0mMSimDataConnected =false
D/StatusBar.MSimNetworkController( 2851): refreshViews mMSimDataActivity =0
D/StatusBar.MSimNetworkController( 2851): refreshViews: Data not connected!! Set no data type icon / Roaming for phoneId: 0
D/StatusBar.MSimNetworkController( 2851): refreshViews phoneId =0mMSimDataConnected =false
D/StatusBar.MSimNetworkController( 2851): refreshViews mMSimDataActivity =0
D/StatusBar.MSimNetworkController( 2851): refreshViews: Data not connected!! Set no data type icon / Roaming for phoneId: 0
D/StatusBar.MSimNetworkController( 2851): refreshViews phoneId =0mMSimDataConnected =false
D/StatusBar.MSimNetworkController( 2851): refreshViews mMSimDataActivity =0
D/StatusBar.MSimNetworkController( 2851): refreshViews: Data not connected!! Set no data type icon / Roaming for phoneId: 0
D/StatusBar.MSimNetworkController( 2851): refreshViews phoneId =0mMSimDataConnected =false
D/StatusBar.MSimNetworkController( 2851): refreshViews mMSimDataActivity =0
D/StatusBar.MSimNetworkController( 2851): refreshViews: Data not connected!! Set no data type icon / Roaming for phoneId: 0
D/StatusBar.MSimNetworkController( 2851): refreshViews phoneId =0mMSimDataConnected =false
D/StatusBar.MSimNetworkController( 2851): refreshViews mMSimDataActivity =0
D/StatusBar.MSimNetworkController( 2851): refreshViews: Data not connected!! Set no data type icon / Roaming for phoneId: 0
D/StatusBar.MSimNetworkController( 2851): refreshViews phoneId =0mMSimDataConnected =false
D/StatusBar.MSimNetworkController( 2851): refreshViews mMSimDataActivity =0
D/StatusBar.MSimNetworkController( 2851): refreshViews: Data not connected!! Set no data type icon / Roaming for phoneId: 0
D/StatusBar.MSimNetworkController( 2851): refreshViews phoneId =0mMSimDataConnected =false
D/StatusBar.MSimNetworkController( 2851): refreshViews mMSimDataActivity =0
D/StatusBar.MSimNetworkController( 2851): refreshViews: Data not connected!! Set no data type icon / Roaming for phoneId: 0
D/StatusBar.MSimNetworkController( 2851): refreshViews phoneId =0mMSimDataConnected =false
D/StatusBar.MSimNetworkController( 2851): refreshViews mMSimDataActivity =0
D/StatusBar.MSimNetworkController( 2851): refreshViews: Data not connected!! Set no data type icon / Roaming for phoneId: 0
W/ContextImpl( 2851): Calling a method in the system process without a qualified user: android.app.ContextImpl.sendBroadcast:1425 android.content.ContextWrapper.sendBroadcast:384 com.android.systemui.statusbar.policy.DateView.updateClock:117 com.android.systemui.statusbar.policy.DateView$1.onReceive:59 android.app.LoadedApk$ReceiverDispatcher$Args.run:866 
W/ContextImpl( 2851): Calling a method in the system process without a qualified user: android.app.ContextImpl.sendBroadcast:1425 android.content.ContextWrapper.sendBroadcast:384 com.android.systemui.statusbar.policy.DateView.updateClock:117 com.android.systemui.statusbar.policy.DateView$1.onReceive:59 android.app.LoadedApk$ReceiverDispatcher$Args.run:866 
D/StatusBar.MSimNetworkController( 2851): refreshViews phoneId =0mMSimDataConnected =false
D/StatusBar.MSimNetworkController( 2851): refreshViews mMSimDataActivity =0
D/StatusBar.MSimNetworkController( 2851): refreshViews: Data not connected!! Set no data type icon / Roaming for phoneId: 0
D/StatusBar.MSimNetworkController( 2851): refreshViews phoneId =0mMSimDataConnected =false
D/StatusBar.MSimNetworkController( 2851): refreshViews mMSimDataActivity =0
D/StatusBar.MSimNetworkController( 2851): refreshViews: Data not connected!! Set no data type icon / Roaming for phoneId: 0
D/StatusBar.MSimNetworkController( 2851): refreshViews phoneId =0mMSimDataConnected =false
D/StatusBar.MSimNetworkController( 2851): refreshViews mMSimDataActivity =0
D/StatusBar.MSimNetworkController( 2851): refreshViews: Data not connected!! Set no data type icon / Roaming for phoneId: 0
D/StatusBar.MSimNetworkController( 2851): refreshViews phoneId =0mMSimDataConnected =false
D/StatusBar.MSimNetworkController( 2851): refreshViews mMSimDataActivity =0
D/StatusBar.MSimNetworkController( 2851): refreshViews: Data not connected!! Set no data type icon / Roaming for phoneId: 0
--------- beginning of main
E/WifiStateMachine(  867): WifiStateMachine starting scan for "TP-Link_2FC1"-WPA_PSK with 2417
V/WLAN_PSA(  331): NL MSG, len[914], NL type[0x11] WNI type[0x5050] len[894]
V/WLAN_PSA(  331): NL MSG, PID: 331
V/WLAN_PSA(  331): NL MSG, len[048], NL type[0x11] WNI type[0x5050] len[028]
V/WLAN_PSA(  331): NL MSG, PID: 331
V/WLAN_PSA(  331): NL MSG, len[3875], NL type[0x1C] WNI type[0x5900] len[2831]
I/WifiHAL (  867): Poll result = 1
I/WifiHAL (  867): Found some events!!!
V/WLAN_PSA(  331): NL MSG, PID: 331
D/WifiHAL (  867): no_seq_check received
I/WifiHAL (  867): event received NL80211_CMD_TRIGGER_SCAN
I/WifiHAL (  867): event received NL80211_CMD_TRIGGER_SCAN, vendor_id = 0x0
I/WifiHAL (  867): event ignored!!
V/WLAN_PSA(  331): NL MSG, len[4022], NL type[0x1C] WNI type[0x5900] len[40463]
V/WLAN_PSA(  331): NL MSG, PID: 331
V/WLAN_PSA(  331): NL MSG, len[4034], NL type[0x1C] WNI type[0x5900] len[43535]
V/WLAN_PSA(  331): NL MSG, PID: 331
V/WLAN_PSA(  331): NL MSG, len[914], NL type[0x11] WNI type[0x5050] len[894]
V/WLAN_PSA(  331): NL MSG, PID: 331
V/WLAN_PSA(  331): NL MSG, len[4005], NL type[0x1C] WNI type[0x5900] len[36111]
V/WLAN_PSA(  331): NL MSG, PID: 331
I/WifiHAL (  867): Poll result = 1
I/WifiHAL (  867): Found some events!!!
D/WifiHAL (  867): no_seq_check received
I/WifiHAL (  867): event received NL80211_CMD_NEW_SCAN_RESULTS
I/WifiHAL (  867): event received NL80211_CMD_NEW_SCAN_RESULTS, vendor_id = 0x0
I/WifiHAL (  867): event ignored!!
I/SurfaceFlinger(  264): FPS: 2
V/WLAN_PSA(  331): NL MSG, len[4032], NL type[0x1C] WNI type[0x5900] len[43023]
V/WLAN_PSA(  331): NL MSG, PID: 331
I/SurfaceFlinger(  264): FPS: 2
I/SurfaceFlinger(  264): FPS: 2
I/SurfaceFlinger(  264): FPS: 2
I/SurfaceFlinger(  264): FPS: 2
V/WLAN_PSA(  331): NL MSG, len[4021], NL type[0x1C] WNI type[0x5900] len[40207]
V/WLAN_PSA(  331): NL MSG, PID: 331
I/SurfaceFlinger(  264): FPS: 2
I/SurfaceFlinger(  264): FPS: 2
I/SurfaceFlinger(  264): FPS: 2
I/SurfaceFlinger(  264): FPS: 2
V/WLAN_PSA(  331): NL MSG, len[4019], NL type[0x1C] WNI type[0x5900] len[39695]
V/WLAN_PSA(  331): NL MSG, PID: 331
I/SurfaceFlinger(  264): FPS: 2
I/SurfaceFlinger(  264): FPS: 2
I/rmt_storage(  313): rmt_storage_connect_cb: clnt_h=0x2c3 conn_h=0xb851c7e0
I/rmt_storage(  313): rmt_storage_rw_iovec_cb: /boot/modem_fs2: clnt_h=0x0: req_h=0x2c3 msg_id=3: R/W request received
I/rmt_storage(  313): wakelock acquired: 1, error no: 88
I/rmt_storage(  313): rmt_storage_client_thread: /boot/modem_fs2: clnt_h=0x0 Unblock worker thread (th_id: -1202599776)
I/rmt_storage(  313): rmt_storage_client_thread: /boot/modem_fs2: clnt_h=0x0: req_h=0x2c3 msg_id=3: Bytes written = 917504
I/rmt_storage(  313): rmt_storage_client_thread: /boot/modem_fs2: clnt_h=0x0: req_h=0x2c3 msg_id=3: Send response: res=0 err=0
I/rmt_storage(  313): rmt_storage_client_thread: /boot/modem_fs2: clnt_h=0x0 About to block rmt_storage client thread (th_id: -1202599776) wakelock released: 1, error no: 88
I/rmt_storage(  313): 
I/rmt_storage(  313): rmt_storage_disconnect_cb: clnt_h=0x2c3 conn_h=0xb851c7e0
D/StatusBar.MSimNetworkController( 2851): refreshViews phoneId =0mMSimDataConnected =false
D/StatusBar.MSimNetworkController( 2851): refreshViews mMSimDataActivity =0
D/StatusBar.MSimNetworkController( 2851): refreshViews: Data not connected!! Set no data type icon / Roaming for phoneId: 0
I/SurfaceFlinger(  264): FPS: 3
D/StatusBar.MSimNetworkController( 2851): refreshViews phoneId =0mMSimDataConnected =false
D/StatusBar.MSimNetworkController( 2851): refreshViews mMSimDataActivity =0
D/StatusBar.MSimNetworkController( 2851): refreshViews: Data not connected!! Set no data type icon / Roaming for phoneId: 0
D/Netd    (  314): =====[xucm]:netd process is running!!!
I/SurfaceFlinger(  264): FPS: 3
V/WLAN_PSA(  331): NL MSG, len[4074], NL type[0x1C] WNI type[0x5900] len[53775]
V/WLAN_PSA(  331): NL MSG, PID: 331
I/SurfaceFlinger(  264): FPS: 2
I/SurfaceFlinger(  264): FPS: 2
W/ContextImpl( 2851): Calling a method in the system process without a qualified user: android.app.ContextImpl.sendBroadcast:1425 android.content.ContextWrapper.sendBroadcast:384 com.android.systemui.statusbar.policy.DateView.updateClock:117 com.android.systemui.statusbar.policy.DateView$1.onReceive:59 android.app.LoadedApk$ReceiverDispatcher$Args.run:866 
W/ContextImpl( 2851): Calling a method in the system process without a qualified user: android.app.ContextImpl.sendBroadcast:1425 android.content.ContextWrapper.sendBroadcast:384 com.android.systemui.statusbar.policy.DateView.updateClock:117 com.android.systemui.statusbar.policy.DateView$1.onReceive:59 android.app.LoadedApk$ReceiverDispatcher$Args.run:866 
I/SurfaceFlinger(  264): FPS: 3
I/SurfaceFlinger(  264): FPS: 2
I/SurfaceFlinger(  264): FPS: 2
V/WLAN_PSA(  331): NL MSG, len[4091], NL type[0x1C] WNI type[0x5900] len[58127]
V/WLAN_PSA(  331): NL MSG, PID: 331
I/SurfaceFlinger(  264): FPS: 2
I/SurfaceFlinger(  264): FPS: 2
E/WifiStateMachine(  867): WifiStateMachine CMD_START_SCAN source -2 txSuccessRate=0.00 rxSuccessRate=3.59 targetRoamBSSID=any RSSI=-33
E/WifiStateMachine(  867): WifiStateMachine starting scan for "TP-Link_2FC1"-WPA_PSK with 2417
V/WLAN_PSA(  331): NL MSG, len[4063], NL type[0x1C] WNI type[0x5900] len[50959]
V/WLAN_PSA(  331): NL MSG, PID: 331
V/WLAN_PSA(  331): NL MSG, len[914], NL type[0x11] WNI type[0x5050] len[894]
V/WLAN_PSA(  331): NL MSG, PID: 331
I/WifiHAL (  867): Poll result = 1
V/WLAN_PSA(  331): NL MSG, len[048], NL type[0x11] WNI type[0x5050] len[028]
I/WifiHAL (  867): Found some events!!!
V/WLAN_PSA(  331): NL MSG, PID: 331
D/WifiHAL (  867): no_seq_check received
I/WifiHAL (  867): event received NL80211_CMD_TRIGGER_SCAN
I/WifiHAL (  867): event received NL80211_CMD_TRIGGER_SCAN, vendor_id = 0x0
I/WifiHAL (  867): event ignored!!
V/WLAN_PSA(  331): NL MSG, len[4059], NL type[0x1C] WNI type[0x5900] len[49935]
V/WLAN_PSA(  331): NL MSG, PID: 331
V/WLAN_PSA(  331): NL MSG, len[4032], NL type[0x1C] WNI type[0x5900] len[43023]
V/WLAN_PSA(  331): NL MSG, PID: 331
V/WLAN_PSA(  331): NL MSG, len[914], NL type[0x11] WNI type[0x5050] len[894]
V/WLAN_PSA(  331): NL MSG, PID: 331
V/WLAN_PSA(  331): NL MSG, len[4003], NL type[0x1C] WNI type[0x5900] len[35599]
V/WLAN_PSA(  331): NL MSG, PID: 331
I/WifiHAL (  867): Poll result = 1
I/WifiHAL (  867): Found some events!!!
D/WifiHAL (  867): no_seq_check received
I/WifiHAL (  867): event received NL80211_CMD_NEW_SCAN_RESULTS
I/WifiHAL (  867): event received NL80211_CMD_NEW_SCAN_RESULTS, vendor_id = 0x0
I/WifiHAL (  867): event ignored!!
I/SurfaceFlinger(  264): FPS: 2
V/WLAN_PSA(  331): NL MSG, len[4016], NL type[0x1C] WNI type[0x5900] len[38927]
V/WLAN_PSA(  331): NL MSG, PID: 331
D/StatusBar.MSimNetworkController( 2851): refreshViews phoneId =0mMSimDataConnected =false
D/StatusBar.MSimNetworkController( 2851): refreshViews mMSimDataActivity =0
D/StatusBar.MSimNetworkController( 2851): refreshViews: Data not connected!! Set no data type icon / Roaming for phoneId: 0
I/SurfaceFlinger(  264): FPS: 3
D/StatusBar.MSimNetworkController( 2851): refreshViews phoneId =0mMSimDataConnected =false
D/StatusBar.MSimNetworkController( 2851): refreshViews mMSimDataActivity =0
D/StatusBar.MSimNetworkController( 2851): refreshViews: Data not connected!! Set no data type icon / Roaming for phoneId: 0
I/SurfaceFlinger(  264): FPS: 3
I/SurfaceFlinger(  264): FPS: 2
V/WLAN_PSA(  331): NL MSG, len[4041], NL type[0x1C] WNI type[0x5900] len[45327]
V/WLAN_PSA(  331): NL MSG, PID: 331
I/SurfaceFlinger(  264): FPS: 2
I/SurfaceFlinger(  264): FPS: 2
I/SurfaceFlinger(  264): FPS: 2
I/SurfaceFlinger(  264): FPS: 2
V/WLAN_PSA(  331): NL MSG, len[4074], NL type[0x1C] WNI type[0x5900] len[53775]
V/WLAN_PSA(  331): NL MSG, PID: 331
I/SurfaceFlinger(  264): FPS: 2
I/SurfaceFlinger(  264): FPS: 2
I/SurfaceFlinger(  264): FPS: 2
I/SurfaceFlinger(  264): FPS: 2
I/SurfaceFlinger(  264): FPS: 2
V/WLAN_PSA(  331): NL MSG, len[4091], NL type[0x1C] WNI type[0x5900] len[58127]
V/WLAN_PSA(  331): NL MSG, PID: 331
I/SurfaceFlinger(  264): FPS: 2
I/SurfaceFlinger(  264): FPS: 2
I/SurfaceFlinger(  264): FPS: 2
V/WLAN_PSA(  331): NL MSG, len[4041], NL type[0x1C] WNI type[0x5900] len[45327]
V/WLAN_PSA(  331): NL MSG, PID: 331
I/SurfaceFlinger(  264): FPS: 2
I/SurfaceFlinger(  264): FPS: 2
I/SurfaceFlinger(  264): FPS: 2
E/WifiStateMachine(  867): WifiStateMachine CMD_START_SCAN source -2 txSuccessRate=0.00 rxSuccessRate=11.22 targetRoamBSSID=any RSSI=-35
E/WifiStateMachine(  867): WifiStateMachine starting scan for "TP-Link_2FC1"-WPA_PSK with 2417
V/WLAN_PSA(  331): NL MSG, len[914], NL type[0x11] WNI type[0x5050] len[894]
V/WLAN_PSA(  331): NL MSG, PID: 331
V/WLAN_PSA(  331): NL MSG, len[4075], NL type[0x1C] WNI type[0x5900] len[54031]
V/WLAN_PSA(  331): NL MSG, PID: 331
I/WifiHAL (  867): Poll result = 1
I/WifiHAL (  867): Found some events!!!
D/WifiHAL (  867): no_seq_check received
V/WLAN_PSA(  331): NL MSG, len[048], NL type[0x11] WNI type[0x5050] len[028]
V/WLAN_PSA(  331): NL MSG, PID: 331
I/WifiHAL (  867): event received NL80211_CMD_TRIGGER_SCAN
I/WifiHAL (  867): event received NL80211_CMD_TRIGGER_SCAN, vendor_id = 0x0
I/WifiHAL (  867): event ignored!!
V/WLAN_PSA(  331): NL MSG, len[4044], NL type[0x1C] WNI type[0x5900] len[46095]
V/WLAN_PSA(  331): NL MSG, PID: 331
V/WLAN_PSA(  331): NL MSG, len[048], NL type[0x11] WNI type[0x5050] len[028]
V/WLAN_PSA(  331): NL MSG, PID: 331
V/WLAN_PSA(  331): NL MSG, len[914], NL type[0x11] WNI type[0x5050] len[894]
V/WLAN_PSA(  331): NL MSG, PID: 331
V/WLAN_PSA(  331): NL MSG, len[3997], NL type[0x1C] WNI type[0x5900] len[34063]
V/WLAN_PSA(  331): NL MSG, PID: 331
I/WifiHAL (  867): Poll result = 1
I/WifiHAL (  867): Found some events!!!
D/WifiHAL (  867): no_seq_check received
I/WifiHAL (  867): event received NL80211_CMD_NEW_SCAN_RESULTS
I/WifiHAL (  867): event received NL80211_CMD_NEW_SCAN_RESULTS, vendor_id = 0x0
I/WifiHAL (  867): event ignored!!
I/SurfaceFlinger(  264): FPS: 2
V/WLAN_PSA(  331): NL MSG, len[4033], NL type[0x1C] WNI type[0x5900] len[43279]
V/WLAN_PSA(  331): NL MSG, PID: 331
D/StatusBar.MSimNetworkController( 2851): refreshViews phoneId =0mMSimDataConnected =false
D/StatusBar.MSimNetworkController( 2851): refreshViews mMSimDataActivity =0
D/StatusBar.MSimNetworkController( 2851): refreshViews: Data not connected!! Set no data type icon / Roaming for phoneId: 0
I/SurfaceFlinger(  264): FPS: 3
D/Netd    (  314): =====[xucm]:netd process is running!!!
D/StatusBar.MSimNetworkController( 2851): refreshViews phoneId =0mMSimDataConnected =false
D/StatusBar.MSimNetworkController( 2851): refreshViews mMSimDataActivity =0
D/StatusBar.MSimNetworkController( 2851): refreshViews: Data not connected!! Set no data type icon / Roaming for phoneId: 0
I/SurfaceFlinger(  264): FPS: 3
I/SurfaceFlinger(  264): FPS: 2
I/SurfaceFlinger(  264): FPS: 2
V/WLAN_PSA(  331): NL MSG, len[4033], NL type[0x1C] WNI type[0x5900] len[43279]
V/WLAN_PSA(  331): NL MSG, PID: 331
I/SurfaceFlinger(  264): FPS: 2
I/SurfaceFlinger(  264): FPS: 2
I/SurfaceFlinger(  264): FPS: 2
E/GpsXtraDownloader(  867): No XTRA servers were specified in the GPS configuration
I/SurfaceFlinger(  264): FPS: 2
V/WLAN_PSA(  331): NL MSG, len[4060], NL type[0x1C] WNI type[0x5900] len[50191]
V/WLAN_PSA(  331): NL MSG, PID: 331
I/SurfaceFlinger(  264): FPS: 2
I/SurfaceFlinger(  264): FPS: 2
I/SurfaceFlinger(  264): FPS: 2
I/SurfaceFlinger(  264): FPS: 2
D/StatusBar.MSimNetworkController( 2851): refreshViews phoneId =0mMSimDataConnected =false
D/StatusBar.MSimNetworkController( 2851): refreshViews mMSimDataActivity =0
D/StatusBar.MSimNetworkController( 2851): refreshViews: Data not connected!! Set no data type icon / Roaming for phoneId: 0
I/SurfaceFlinger(  264): FPS: 3
D/StatusBar.MSimNetworkController( 2851): refreshViews phoneId =0mMSimDataConnected =false
D/StatusBar.MSimNetworkController( 2851): refreshViews mMSimDataActivity =0
D/StatusBar.MSimNetworkController( 2851): refreshViews: Data not connected!! Set no data type icon / Roaming for phoneId: 0
V/WLAN_PSA(  331): NL MSG, len[4091], NL type[0x1C] WNI type[0x5900] len[58127]
V/WLAN_PSA(  331): NL MSG, PID: 331
I/SurfaceFlinger(  264): FPS: 3
D/StatusBar.MSimNetworkController( 2851): refreshViews phoneId =0mMSimDataConnected =false
D/StatusBar.MSimNetworkController( 2851): refreshViews mMSimDataActivity =0
D/StatusBar.MSimNetworkController( 2851): refreshViews: Data not connected!! Set no data type icon / Roaming for phoneId: 0
I/SurfaceFlinger(  264): FPS: 3
D/StatusBar.MSimNetworkController( 2851): refreshViews phoneId =0mMSimDataConnected =false
D/StatusBar.MSimNetworkController( 2851): refreshViews mMSimDataActivity =0
D/StatusBar.MSimNetworkController( 2851): refreshViews: Data not connected!! Set no data type icon / Roaming for phoneId: 0
I/SurfaceFlinger(  264): FPS: 3
V/WLAN_PSA(  331): NL MSG, len[4055], NL type[0x1C] WNI type[0x5900] len[48911]
V/WLAN_PSA(  331): NL MSG, PID: 331
I/SurfaceFlinger(  264): FPS: 2
I/SurfaceFlinger(  264): FPS: 2
E/WifiStateMachine(  867): WifiStateMachine CMD_START_SCAN source -2 txSuccessRate=0.53 rxSuccessRate=4.39 targetRoamBSSID=any RSSI=-35
E/WifiStateMachine(  867): WifiStateMachine starting scan for "TP-Link_2FC1"-WPA_PSK with 2417
V/WLAN_PSA(  331): NL MSG, len[914], NL type[0x11] WNI type[0x5050] len[894]
V/WLAN_PSA(  331): NL MSG, PID: 331
I/WifiHAL (  867): Poll result = 1
I/WifiHAL (  867): Found some events!!!
D/WifiHAL (  867): no_seq_check received
I/WifiHAL (  867): event received NL80211_CMD_TRIGGER_SCAN
I/WifiHAL (  867): event received NL80211_CMD_TRIGGER_SCAN, vendor_id = 0x0
V/WLAN_PSA(  331): NL MSG, len[048], NL type[0x11] WNI type[0x5050] len[028]
I/WifiHAL (  867): event ignored!!
V/WLAN_PSA(  331): NL MSG, PID: 331
V/WLAN_PSA(  331): NL MSG, len[4041], NL type[0x1C] WNI type[0x5900] len[45327]
V/WLAN_PSA(  331): NL MSG, PID: 331
V/WLAN_PSA(  331): NL MSG, len[4016], NL type[0x1C] WNI type[0x5900] len[38927]
V/WLAN_PSA(  331): NL MSG, PID: 331
V/WLAN_PSA(  331): NL MSG, len[4029], NL type[0x1C] WNI type[0x5900] len[42255]
V/WLAN_PSA(  331): NL MSG, PID: 331
V/WLAN_PSA(  331): NL MSG, len[914], NL type[0x11] WNI type[0x5050] len[894]
I/WifiHAL (  867): Poll result = 1
I/WifiHAL (  867): Found some events!!!
V/WLAN_PSA(  331): NL MSG, PID: 331
D/WifiHAL (  867): no_seq_check received
I/WifiHAL (  867): event received NL80211_CMD_NEW_SCAN_RESULTS
I/WifiHAL (  867): event received NL80211_CMD_NEW_SCAN_RESULTS, vendor_id = 0x0
I/WifiHAL (  867): event ignored!!
V/WLAN_PSA(  331): NL MSG, len[4081], NL type[0x1C] WNI type[0x5900] len[55567]
V/WLAN_PSA(  331): NL MSG, PID: 331
I/SurfaceFlinger(  264): FPS: 2
I/SurfaceFlinger(  264): FPS: 2
I/SurfaceFlinger(  264): FPS: 2
D/StatusBar.MSimNetworkController( 2851): refreshViews phoneId =0mMSimDataConnected =false
D/StatusBar.MSimNetworkController( 2851): refreshViews mMSimDataActivity =0
D/StatusBar.MSimNetworkController( 2851): refreshViews: Data not connected!! Set no data type icon / Roaming for phoneId: 0
I/SurfaceFlinger(  264): FPS: 3
D/StatusBar.MSimNetworkController( 2851): refreshViews phoneId =0mMSimDataConnected =false
D/StatusBar.MSimNetworkController( 2851): refreshViews mMSimDataActivity =0
D/StatusBar.MSimNetworkController( 2851): refreshViews: Data not connected!! Set no data type icon / Roaming for phoneId: 0
E/GpsXtraDownloader(  867): No XTRA servers were specified in the GPS configuration
V/WLAN_PSA(  331): NL MSG, len[4032], NL type[0x1C] WNI type[0x5900] len[43023]
V/WLAN_PSA(  331): NL MSG, PID: 331
I/SurfaceFlinger(  264): FPS: 3
I/SurfaceFlinger(  264): FPS: 2
I/SurfaceFlinger(  264): FPS: 2
I/SurfaceFlinger(  264): FPS: 2
V/WLAN_PSA(  331): NL MSG, len[4042], NL type[0x1C] WNI type[0x5900] len[45583]
V/WLAN_PSA(  331): NL MSG, PID: 331
I/SurfaceFlinger(  264): FPS: 2
I/SurfaceFlinger(  264): FPS: 2
I/SurfaceFlinger(  264): FPS: 2
I/SurfaceFlinger(  264): FPS: 2
D/Netd    (  314): =====[xucm]:netd process is running!!!
I/SurfaceFlinger(  264): FPS: 2
V/WLAN_PSA(  331): NL MSG, len[4095], NL type[0x1C] WNI type[0x5900] len[59151]
V/WLAN_PSA(  331): NL MSG, PID: 331
I/SurfaceFlinger(  264): FPS: 2
I/SurfaceFlinger(  264): FPS: 2
W/ContextImpl( 2851): Calling a method in the system process without a qualified user: android.app.ContextImpl.sendBroadcast:1425 android.content.ContextWrapper.sendBroadcast:384 com.android.systemui.statusbar.policy.DateView.updateClock:117 com.android.systemui.statusbar.policy.DateView$1.onReceive:59 android.app.LoadedApk$ReceiverDispatcher$Args.run:866 
W/ContextImpl( 2851): Calling a method in the system process without a qualified user: android.app.ContextImpl.sendBroadcast:1425 android.content.ContextWrapper.sendBroadcast:384 com.android.systemui.statusbar.policy.DateView.updateClock:117 com.android.systemui.statusbar.policy.DateView$1.onReceive:59 android.app.LoadedApk$ReceiverDispatcher$Args.run:866 
D/StatusBar.MSimNetworkController( 2851): refreshViews phoneId =0mMSimDataConnected =false
D/StatusBar.MSimNetworkController( 2851): refreshViews mMSimDataActivity =0
D/StatusBar.MSimNetworkController( 2851): refreshViews: Data not connected!! Set no data type icon / Roaming for phoneId: 0
I/SurfaceFlinger(  264): FPS: 4
V/WLAN_PSA(  331): NL MSG, len[4077], NL type[0x1C] WNI type[0x5900] len[54543]
V/WLAN_PSA(  331): NL MSG, PID: 331
D/StatusBar.MSimNetworkController( 2851): refreshViews phoneId =0mMSimDataConnected =false
D/StatusBar.MSimNetworkController( 2851): refreshViews mMSimDataActivity =0
D/StatusBar.MSimNetworkController( 2851): refreshViews: Data not connected!! Set no data type icon / Roaming for phoneId: 0
I/SurfaceFlinger(  264): FPS: 3
I/SurfaceFlinger(  264): FPS: 2
I/SurfaceFlinger(  264): FPS: 2
D/StatusBar.MSimNetworkController( 2851): refreshViews phoneId =0mMSimDataConnected =false
D/StatusBar.MSimNetworkController( 2851): refreshViews mMSimDataActivity =0
D/StatusBar.MSimNetworkController( 2851): refreshViews: Data not connected!! Set no data type icon / Roaming for phoneId: 0
I/SurfaceFlinger(  264): FPS: 3
E/WifiStateMachine(  867): WifiStateMachine CMD_START_SCAN source -2 txSuccessRate=0.25 rxSuccessRate=6.01 targetRoamBSSID=any RSSI=-33
E/WifiStateMachine(  867): WifiStateMachine starting scan for "TP-Link_2FC1"-WPA_PSK with 2417
V/WLAN_PSA(  331): NL MSG, len[4027], NL type[0x1C] WNI type[0x5900] len[41743]
V/WLAN_PSA(  331): NL MSG, PID: 331
V/WLAN_PSA(  331): NL MSG, len[914], NL type[0x11] WNI type[0x5050] len[894]
V/WLAN_PSA(  331): NL MSG, PID: 331
I/WifiHAL (  867): Poll result = 1
I/WifiHAL (  867): Found some events!!!
D/WifiHAL (  867): no_seq_check received
V/WLAN_PSA(  331): NL MSG, len[048], NL type[0x11] WNI type[0x5050] len[028]
I/WifiHAL (  867): event received NL80211_CMD_TRIGGER_SCAN
V/WLAN_PSA(  331): NL MSG, PID: 331
I/WifiHAL (  867): event received NL80211_CMD_TRIGGER_SCAN, vendor_id = 0x0
I/WifiHAL (  867): event ignored!!
V/WLAN_PSA(  331): NL MSG, len[4000], NL type[0x1C] WNI type[0x5900] len[34831]
V/WLAN_PSA(  331): NL MSG, PID: 331
V/WLAN_PSA(  331): NL MSG, len[4032], NL type[0x1C] WNI type[0x5900] len[43023]
V/WLAN_PSA(  331): NL MSG, PID: 331
V/WLAN_PSA(  331): NL MSG, len[914], NL type[0x11] WNI type[0x5050] len[894]
V/WLAN_PSA(  331): NL MSG, PID: 331
V/WLAN_PSA(  331): NL MSG, len[3944], NL type[0x1C] WNI type[0x5900] len[20495]
V/WLAN_PSA(  331): NL MSG, PID: 331
I/WifiHAL (  867): Poll result = 1
I/WifiHAL (  867): Found some events!!!
D/WifiHAL (  867): no_seq_check received
I/WifiHAL (  867): event received NL80211_CMD_NEW_SCAN_RESULTS
I/WifiHAL (  867): event received NL80211_CMD_NEW_SCAN_RESULTS, vendor_id = 0x0
I/WifiHAL (  867): event ignored!!
D/StatusBar.MSimNetworkController( 2851): refreshViews phoneId =0mMSimDataConnected =false
D/StatusBar.MSimNetworkController( 2851): refreshViews mMSimDataActivity =0
D/StatusBar.MSimNetworkController( 2851): refreshViews: Data not connected!! Set no data type icon / Roaming for phoneId: 0
I/SurfaceFlinger(  264): FPS: 3
V/WLAN_PSA(  331): NL MSG, len[4056], NL type[0x1C] WNI type[0x5900] len[49167]
V/WLAN_PSA(  331): NL MSG, PID: 331
I/SurfaceFlinger(  264): FPS: 2
I/SurfaceFlinger(  264): FPS: 2
I/SurfaceFlinger(  264): FPS: 2
V/WLAN_PSA(  331): NL MSG, len[4041], NL type[0x1C] WNI type[0x5900] len[45327]
V/WLAN_PSA(  331): NL MSG, PID: 331
I/SurfaceFlinger(  264): FPS: 2
D/StatusBar.MSimNetworkController( 2851): refreshViews phoneId =0mMSimDataConnected =false
D/StatusBar.MSimNetworkController( 2851): refreshViews mMSimDataActivity =0
D/StatusBar.MSimNetworkController( 2851): refreshViews: Data not connected!! Set no data type icon / Roaming for phoneId: 0
I/SurfaceFlinger(  264): FPS: 3
D/StatusBar.MSimNetworkController( 2851): refreshViews phoneId =0mMSimDataConnected =false
D/StatusBar.MSimNetworkController( 2851): refreshViews mMSimDataActivity =0
D/StatusBar.MSimNetworkController( 2851): refreshViews: Data not connected!! Set no data type icon / Roaming for phoneId: 0
I/SurfaceFlinger(  264): FPS: 3
I/SurfaceFlinger(  264): FPS: 2
I/SurfaceFlinger(  264): FPS: 2
V/WLAN_PSA(  331): NL MSG, len[4052], NL type[0x1C] WNI type[0x5900] len[48143]
V/WLAN_PSA(  331): NL MSG, PID: 331
I/SurfaceFlinger(  264): FPS: 2
I/SurfaceFlinger(  264): FPS: 2
I/SurfaceFlinger(  264): FPS: 2
I/SurfaceFlinger(  264): FPS: 2
V/WLAN_PSA(  331): NL MSG, len[4056], NL type[0x1C] WNI type[0x5900] len[49167]
V/WLAN_PSA(  331): NL MSG, PID: 331
I/SurfaceFlinger(  264): FPS: 2
I/SurfaceFlinger(  264): FPS: 2
I/SurfaceFlinger(  264): FPS: 2
E/GpsXtraDownloader(  867): No XTRA servers were specified in the GPS configuration
I/MPushReceiver( 4321): >>> onReceive, MPush.I.client.hasStarted check isRunning...
I/MPushReceiver( 4321): >>> onReceive, MPush.I.client.isRunning do healthCheck...
D/MPUSH   ( 4321): <<< send heartbeat ping...
D/MPUSH   ( 4321): write packet end, packet.cmd=1, packet.body=0 costTime=1
I/MPushReceiver( 4321): >>> Mpush health check startAlarm, MPushReceiver.delay: 179000
D/MPUSH   ( 4321): >>> receive heartbeat pong...
I/SurfaceFlinger(  264): FPS: 2
D/StatusBar.MSimNetworkController( 2851): refreshViews phoneId =0mMSimDataConnected =false
D/StatusBar.MSimNetworkController( 2851): refreshViews mMSimDataActivity =0
D/StatusBar.MSimNetworkController( 2851): refreshViews: Data not connected!! Set no data type icon / Roaming for phoneId: 0
V/WLAN_PSA(  331): NL MSG, len[4037], NL type[0x1C] WNI type[0x5900] len[44303]
V/WLAN_PSA(  331): NL MSG, PID: 331
I/SurfaceFlinger(  264): FPS: 3
D/StatusBar.MSimNetworkController( 2851): refreshViews phoneId =0mMSimDataConnected =false
D/StatusBar.MSimNetworkController( 2851): refreshViews mMSimDataActivity =0
D/StatusBar.MSimNetworkController( 2851): refreshViews: Data not connected!! Set no data type icon / Roaming for phoneId: 0
I/SurfaceFlinger(  264): FPS: 3
E/WifiStateMachine(  867): WifiStateMachine CMD_START_SCAN source -2 txSuccessRate=1.00 rxSuccessRate=15.78 targetRoamBSSID=any RSSI=-34
E/WifiStateMachine(  867): WifiStateMachine starting scan for "TP-Link_2FC1"-WPA_PSK with 2417
V/WLAN_PSA(  331): NL MSG, len[4077], NL type[0x1C] WNI type[0x5900] len[54543]
V/WLAN_PSA(  331): NL MSG, PID: 331
I/WifiHAL (  867): Poll result = 1
V/WLAN_PSA(  331): NL MSG, len[914], NL type[0x11] WNI type[0x5050] len[894]
I/WifiHAL (  867): Found some events!!!
V/WLAN_PSA(  331): NL MSG, PID: 331
D/WifiHAL (  867): no_seq_check received
V/WLAN_PSA(  331): NL MSG, len[048], NL type[0x11] WNI type[0x5050] len[028]
V/WLAN_PSA(  331): NL MSG, PID: 331
I/WifiHAL (  867): event received NL80211_CMD_TRIGGER_SCAN
I/WifiHAL (  867): event received NL80211_CMD_TRIGGER_SCAN, vendor_id = 0x0
I/WifiHAL (  867): event ignored!!
