I/WifiHAL (  867): Found some events!!!
D/WifiHAL (  867): no_seq_check received
I/WifiHAL (  867): event received NL80211_CMD_NEW_SCAN_RESULTS
I/WifiHAL (  867): event received NL80211_CMD_NEW_SCAN_RESULTS, vendor_id = 0x0
I/WifiHAL (  867): event ignored!!
V/WLAN_PSA(  331): NL MSG, len[3999], NL type[0x1C] WNI type[0x5900] len[34575]
V/WLAN_PSA(  331): NL MSG, PID: 331
I/SurfaceFlinger(  264): FPS: 2
I/SurfaceFlinger(  264): FPS: 2
D/Netd    (  314): =====[xucm]:netd process is running!!!
I/SurfaceFlinger(  264): FPS: 2
I/SurfaceFlinger(  264): FPS: 2
I/SurfaceFlinger(  264): FPS: 2
V/WLAN_PSA(  331): NL MSG, len[4036], NL type[0x1C] WNI type[0x5900] len[44047]
V/WLAN_PSA(  331): NL MSG, PID: 331
I/SurfaceFlinger(  264): FPS: 2
I/SurfaceFlinger(  264): FPS: 2
I/SurfaceFlinger(  264): FPS: 2
I/SurfaceFlinger(  264): FPS: 2
V/WLAN_PSA(  331): NL MSG, len[4058], NL type[0x1C] WNI type[0x5900] len[49679]
V/WLAN_PSA(  331): NL MSG, PID: 331
I/SurfaceFlinger(  264): FPS: 2
E/GpsXtraDownloader(  867): No XTRA servers were specified in the GPS configuration
I/SurfaceFlinger(  264): FPS: 2
I/SurfaceFlinger(  264): FPS: 2
I/SurfaceFlinger(  264): FPS: 2
V/WLAN_PSA(  331): NL MSG, len[4035], NL type[0x1C] WNI type[0x5900] len[43791]
V/WLAN_PSA(  331): NL MSG, PID: 331
I/SurfaceFlinger(  264): FPS: 2
I/SurfaceFlinger(  264): FPS: 2
I/SurfaceFlinger(  264): FPS: 2
I/SurfaceFlinger(  264): FPS: 2
I/SurfaceFlinger(  264): FPS: 2
V/WLAN_PSA(  331): NL MSG, len[4037], NL type[0x1C] WNI type[0x5900] len[44303]
V/WLAN_PSA(  331): NL MSG, PID: 331
I/SurfaceFlinger(  264): FPS: 2
D/StatusBar.MSimNetworkController( 2851): refreshViews phoneId =0mMSimDataConnected =false
D/StatusBar.MSimNetworkController( 2851): refreshViews mMSimDataActivity =0
D/StatusBar.MSimNetworkController( 2851): refreshViews: Data not connected!! Set no data type icon / Roaming for phoneId: 0
I/SurfaceFlinger(  264): FPS: 3
E/WifiStateMachine(  867): WifiStateMachine CMD_START_SCAN source -2 txSuccessRate=0.00 rxSuccessRate=8.21 targetRoamBSSID=any RSSI=-36
E/WifiStateMachine(  867): WifiStateMachine starting scan for "TP-Link_2FC1"-WPA_PSK with 2417
V/WLAN_PSA(  331): NL MSG, len[4077], NL type[0x1C] WNI type[0x5900] len[54543]
V/WLAN_PSA(  331): NL MSG, PID: 331
V/WLAN_PSA(  331): NL MSG, len[914], NL type[0x11] WNI type[0x5050] len[894]
V/WLAN_PSA(  331): NL MSG, PID: 331
I/WifiHAL (  867): Poll result = 1
I/WifiHAL (  867): Found some events!!!
D/WifiHAL (  867): no_seq_check received
I/WifiHAL (  867): event received NL80211_CMD_TRIGGER_SCAN
V/WLAN_PSA(  331): NL MSG, len[048], NL type[0x11] WNI type[0x5050] len[028]
I/WifiHAL (  867): event received NL80211_CMD_TRIGGER_SCAN, vendor_id = 0x0
V/WLAN_PSA(  331): NL MSG, PID: 331
I/WifiHAL (  867): event ignored!!
V/WLAN_PSA(  331): NL MSG, len[4012], NL type[0x1C] WNI type[0x5900] len[37903]
V/WLAN_PSA(  331): NL MSG, PID: 331
V/WLAN_PSA(  331): NL MSG, len[4095], NL type[0x1C] WNI type[0x5900] len[59151]
V/WLAN_PSA(  331): NL MSG, PID: 331
V/WLAN_PSA(  331): NL MSG, len[914], NL type[0x11] WNI type[0x5050] len[894]
V/WLAN_PSA(  331): NL MSG, PID: 331
V/WLAN_PSA(  331): NL MSG, len[3949], NL type[0x1C] WNI type[0x5900] len[21775]
V/WLAN_PSA(  331): NL MSG, PID: 331
I/WifiHAL (  867): Poll result = 1
I/WifiHAL (  867): Found some events!!!
D/WifiHAL (  867): no_seq_check received
I/WifiHAL (  867): event received NL80211_CMD_NEW_SCAN_RESULTS
I/WifiHAL (  867): event received NL80211_CMD_NEW_SCAN_RESULTS, vendor_id = 0x0
I/WifiHAL (  867): event ignored!!
D/StatusBar.MSimNetworkController( 2851): refreshViews phoneId =0mMSimDataConnected =false
D/StatusBar.MSimNetworkController( 2851): refreshViews mMSimDataActivity =0
D/StatusBar.MSimNetworkController( 2851): refreshViews: Data not connected!! Set no data type icon / Roaming for phoneId: 0
I/SurfaceFlinger(  264): FPS: 3
V/WLAN_PSA(  331): NL MSG, len[4014], NL type[0x1C] WNI type[0x5900] len[38415]
V/WLAN_PSA(  331): NL MSG, PID: 331
I/SurfaceFlinger(  264): FPS: 2
I/SurfaceFlinger(  264): FPS: 2
I/SurfaceFlinger(  264): FPS: 2
I/SurfaceFlinger(  264): FPS: 2
I/SurfaceFlinger(  264): FPS: 2
D/StatusBar.MSimNetworkController( 2851): refreshViews phoneId =0mMSimDataConnected =false
D/StatusBar.MSimNetworkController( 2851): refreshViews mMSimDataActivity =0
D/StatusBar.MSimNetworkController( 2851): refreshViews: Data not connected!! Set no data type icon / Roaming for phoneId: 0
I/SurfaceFlinger(  264): FPS: 3
V/WLAN_PSA(  331): NL MSG, len[4037], NL type[0x1C] WNI type[0x5900] len[44303]
V/WLAN_PSA(  331): NL MSG, PID: 331
D/StatusBar.MSimNetworkController( 2851): refreshViews phoneId =0mMSimDataConnected =false
D/StatusBar.MSimNetworkController( 2851): refreshViews mMSimDataActivity =0
D/StatusBar.MSimNetworkController( 2851): refreshViews: Data not connected!! Set no data type icon / Roaming for phoneId: 0
I/SurfaceFlinger(  264): FPS: 3
I/SurfaceFlinger(  264): FPS: 2
I/SurfaceFlinger(  264): FPS: 2
V/WLAN_PSA(  331): NL MSG, len[4041], NL type[0x1C] WNI type[0x5900] len[45327]
V/WLAN_PSA(  331): NL MSG, PID: 331
I/SurfaceFlinger(  264): FPS: 2
D/StatusBar.MSimNetworkController( 2851): refreshViews phoneId =0mMSimDataConnected =false
D/StatusBar.MSimNetworkController( 2851): refreshViews mMSimDataActivity =0
D/StatusBar.MSimNetworkController( 2851): refreshViews: Data not connected!! Set no data type icon / Roaming for phoneId: 0
I/SurfaceFlinger(  264): FPS: 3
D/Netd    (  314): =====[xucm]:netd process is running!!!
D/StatusBar.MSimNetworkController( 2851): refreshViews phoneId =0mMSimDataConnected =false
D/StatusBar.MSimNetworkController( 2851): refreshViews mMSimDataActivity =0
D/StatusBar.MSimNetworkController( 2851): refreshViews: Data not connected!! Set no data type icon / Roaming for phoneId: 0
I/SurfaceFlinger(  264): FPS: 3
I/rmt_storage(  313): rmt_storage_connect_cb: clnt_h=0x2cf conn_h=0xb851c7e0
I/rmt_storage(  313): rmt_storage_rw_iovec_cb: /boot/modem_fs2: clnt_h=0x0: req_h=0x2cf msg_id=3: R/W request received
I/rmt_storage(  313): wakelock acquired: 1, error no: 88
I/rmt_storage(  313): rmt_storage_client_thread: /boot/modem_fs2: clnt_h=0x0 Unblock worker thread (th_id: -1202599776)
D/StatusBar.MSimNetworkController( 2851): refreshViews phoneId =0mMSimDataConnected =false
D/StatusBar.MSimNetworkController( 2851): refreshViews mMSimDataActivity =0
D/StatusBar.MSimNetworkController( 2851): refreshViews: Data not connected!! Set no data type icon / Roaming for phoneId: 0
I/rmt_storage(  313): rmt_storage_client_thread: /boot/modem_fs2: clnt_h=0x0: req_h=0x2cf msg_id=3: Bytes written = 917504
I/rmt_storage(  313): rmt_storage_client_thread: /boot/modem_fs2: clnt_h=0x0: req_h=0x2cf msg_id=3: Send response: res=0 err=0
I/rmt_storage(  313): rmt_storage_client_thread: /boot/modem_fs2: clnt_h=0x0 About to block rmt_storage client thread (th_id: -1202599776) wakelock released: 1, error no: 88
I/rmt_storage(  313): 
I/rmt_storage(  313): rmt_storage_disconnect_cb: clnt_h=0x2cf conn_h=0xb851c7e0
I/SurfaceFlinger(  264): FPS: 3
D/StatusBar.MSimNetworkController( 2851): refreshViews phoneId =0mMSimDataConnected =false
D/StatusBar.MSimNetworkController( 2851): refreshViews mMSimDataActivity =0
D/StatusBar.MSimNetworkController( 2851): refreshViews: Data not connected!! Set no data type icon / Roaming for phoneId: 0
W/ContextImpl( 2851): Calling a method in the system process without a qualified user: android.app.ContextImpl.sendBroadcast:1425 android.content.ContextWrapper.sendBroadcast:384 com.android.systemui.statusbar.policy.DateView.updateClock:117 com.android.systemui.statusbar.policy.DateView$1.onReceive:59 android.app.LoadedApk$ReceiverDispatcher$Args.run:866 
W/ContextImpl( 2851): Calling a method in the system process without a qualified user: android.app.ContextImpl.sendBroadcast:1425 android.content.ContextWrapper.sendBroadcast:384 com.android.systemui.statusbar.policy.DateView.updateClock:117 com.android.systemui.statusbar.policy.DateView$1.onReceive:59 android.app.LoadedApk$ReceiverDispatcher$Args.run:866 
I/SurfaceFlinger(  264): FPS: 4
V/WLAN_PSA(  331): NL MSG, len[4052], NL type[0x1C] WNI type[0x5900] len[48143]
V/WLAN_PSA(  331): NL MSG, PID: 331
I/SurfaceFlinger(  264): FPS: 2
I/SurfaceFlinger(  264): FPS: 2
D/StatusBar.MSimNetworkController( 2851): refreshViews phoneId =0mMSimDataConnected =false
D/StatusBar.MSimNetworkController( 2851): refreshViews mMSimDataActivity =0
D/StatusBar.MSimNetworkController( 2851): refreshViews: Data not connected!! Set no data type icon / Roaming for phoneId: 0
I/SurfaceFlinger(  264): FPS: 3
D/StatusBar.MSimNetworkController( 2851): refreshViews phoneId =0mMSimDataConnected =false
D/StatusBar.MSimNetworkController( 2851): refreshViews mMSimDataActivity =0
D/StatusBar.MSimNetworkController( 2851): refreshViews: Data not connected!! Set no data type icon / Roaming for phoneId: 0
I/SurfaceFlinger(  264): FPS: 3
V/WLAN_PSA(  331): NL MSG, len[4056], NL type[0x1C] WNI type[0x5900] len[49167]
V/WLAN_PSA(  331): NL MSG, PID: 331
D/StatusBar.MSimNetworkController( 2851): refreshViews phoneId =0mMSimDataConnected =false
D/StatusBar.MSimNetworkController( 2851): refreshViews mMSimDataActivity =0
D/StatusBar.MSimNetworkController( 2851): refreshViews: Data not connected!! Set no data type icon / Roaming for phoneId: 0
W/ProcessCpuTracker(  867): Skipping unknown process pid 5763
E/WifiStateMachine(  867): WifiStateMachine CMD_START_SCAN source -2 txSuccessRate=0.06 rxSuccessRate=3.84 targetRoamBSSID=any RSSI=-35
E/WifiStateMachine(  867): WifiStateMachine starting scan for "TP-Link_2FC1"-WPA_PSK with 2417
I/WifiHAL (  867): Poll result = 1
V/WLAN_PSA(  331): NL MSG, len[914], NL type[0x11] WNI type[0x5050] len[894]
I/WifiHAL (  867): Found some events!!!
V/WLAN_PSA(  331): NL MSG, PID: 331
D/WifiHAL (  867): no_seq_check received
V/WLAN_PSA(  331): NL MSG, len[048], NL type[0x11] WNI type[0x5050] len[028]
V/WLAN_PSA(  331): NL MSG, PID: 331
I/WifiHAL (  867): event received NL80211_CMD_TRIGGER_SCAN
I/WifiHAL (  867): event received NL80211_CMD_TRIGGER_SCAN, vendor_id = 0x0
I/WifiHAL (  867): event ignored!!
V/WLAN_PSA(  331): NL MSG, len[4034], NL type[0x1C] WNI type[0x5900] len[43535]
V/WLAN_PSA(  331): NL MSG, PID: 331
V/WLAN_PSA(  331): NL MSG, len[4052], NL type[0x1C] WNI type[0x5900] len[48143]
V/WLAN_PSA(  331): NL MSG, PID: 331
V/WLAN_PSA(  331): NL MSG, len[4082], NL type[0x1C] WNI type[0x5900] len[55823]
V/WLAN_PSA(  331): NL MSG, PID: 331
V/WLAN_PSA(  331): NL MSG, len[914], NL type[0x11] WNI type[0x5050] len[894]
V/WLAN_PSA(  331): NL MSG, PID: 331
I/WifiHAL (  867): Poll result = 1
I/WifiHAL (  867): Found some events!!!
D/WifiHAL (  867): no_seq_check received
I/WifiHAL (  867): event received NL80211_CMD_NEW_SCAN_RESULTS
I/WifiHAL (  867): event received NL80211_CMD_NEW_SCAN_RESULTS, vendor_id = 0x0
I/WifiHAL (  867): event ignored!!
V/WLAN_PSA(  331): NL MSG, len[4008], NL type[0x1C] WNI type[0x5900] len[36879]
V/WLAN_PSA(  331): NL MSG, PID: 331
I/SurfaceFlinger(  264): FPS: 3
D/StatusBar.MSimNetworkController( 2851): refreshViews phoneId =0mMSimDataConnected =false
D/StatusBar.MSimNetworkController( 2851): refreshViews mMSimDataActivity =0
D/StatusBar.MSimNetworkController( 2851): refreshViews: Data not connected!! Set no data type icon / Roaming for phoneId: 0
I/SurfaceFlinger(  264): FPS: 3
I/SurfaceFlinger(  264): FPS: 2
I/SurfaceFlinger(  264): FPS: 2
I/SurfaceFlinger(  264): FPS: 2
V/WLAN_PSA(  331): NL MSG, len[4084], NL type[0x1C] WNI type[0x5900] len[56335]
V/WLAN_PSA(  331): NL MSG, PID: 331
I/SurfaceFlinger(  264): FPS: 2
I/SurfaceFlinger(  264): FPS: 2
I/SurfaceFlinger(  264): FPS: 2
V/WLAN_PSA(  331): NL MSG, len[4018], NL type[0x1C] WNI type[0x5900] len[39439]
V/WLAN_PSA(  331): NL MSG, PID: 331
I/SurfaceFlinger(  264): FPS: 2
I/SurfaceFlinger(  264): FPS: 2
I/SurfaceFlinger(  264): FPS: 2
I/SurfaceFlinger(  264): FPS: 2
I/SurfaceFlinger(  264): FPS: 2
V/WLAN_PSA(  331): NL MSG, len[4075], NL type[0x1C] WNI type[0x5900] len[54031]
V/WLAN_PSA(  331): NL MSG, PID: 331
I/SurfaceFlinger(  264): FPS: 2
I/SurfaceFlinger(  264): FPS: 2
I/SurfaceFlinger(  264): FPS: 2
I/SurfaceFlinger(  264): FPS: 2
V/WLAN_PSA(  331): NL MSG, len[4058], NL type[0x1C] WNI type[0x5900] len[49679]
V/WLAN_PSA(  331): NL MSG, PID: 331
I/SurfaceFlinger(  264): FPS: 2
I/SurfaceFlinger(  264): FPS: 2
D/StatusBar.MSimNetworkController( 2851): refreshViews phoneId =0mMSimDataConnected =false
D/StatusBar.MSimNetworkController( 2851): refreshViews mMSimDataActivity =0
D/StatusBar.MSimNetworkController( 2851): refreshViews: Data not connected!! Set no data type icon / Roaming for phoneId: 0
I/SurfaceFlinger(  264): FPS: 3
E/WifiStateMachine(  867): WifiStateMachine CMD_START_SCAN source -2 txSuccessRate=0.00 rxSuccessRate=9.69 targetRoamBSSID=any RSSI=-37
E/WifiStateMachine(  867): WifiStateMachine starting scan for "TP-Link_2FC1"-WPA_PSK with 2417
V/WLAN_PSA(  331): NL MSG, len[914], NL type[0x11] WNI type[0x5050] len[894]
V/WLAN_PSA(  331): NL MSG, PID: 331
V/WLAN_PSA(  331): NL MSG, len[048], NL type[0x11] WNI type[0x5050] len[028]
V/WLAN_PSA(  331): NL MSG, PID: 331
V/WLAN_PSA(  331): NL MSG, len[4056], NL type[0x1C] WNI type[0x5900] len[49167]
V/WLAN_PSA(  331): NL MSG, PID: 331
I/WifiHAL (  867): Poll result = 1
I/WifiHAL (  867): Found some events!!!
D/WifiHAL (  867): no_seq_check received
I/WifiHAL (  867): event received NL80211_CMD_TRIGGER_SCAN
I/WifiHAL (  867): event received NL80211_CMD_TRIGGER_SCAN, vendor_id = 0x0
I/WifiHAL (  867): event ignored!!
V/WLAN_PSA(  331): NL MSG, len[4012], NL type[0x1C] WNI type[0x5900] len[37903]
V/WLAN_PSA(  331): NL MSG, PID: 331
V/WLAN_PSA(  331): NL MSG, len[4000], NL type[0x1C] WNI type[0x5900] len[34831]
V/WLAN_PSA(  331): NL MSG, PID: 331
V/WLAN_PSA(  331): NL MSG, len[914], NL type[0x11] WNI type[0x5050] len[894]
V/WLAN_PSA(  331): NL MSG, PID: 331
V/WLAN_PSA(  331): NL MSG, len[4073], NL type[0x1C] WNI type[0x5900] len[53519]
V/WLAN_PSA(  331): NL MSG, PID: 331
I/WifiHAL (  867): Poll result = 1
I/WifiHAL (  867): Found some events!!!
D/WifiHAL (  867): no_seq_check received
I/WifiHAL (  867): event received NL80211_CMD_NEW_SCAN_RESULTS
I/WifiHAL (  867): event received NL80211_CMD_NEW_SCAN_RESULTS, vendor_id = 0x0
I/WifiHAL (  867): event ignored!!
I/SurfaceFlinger(  264): FPS: 2
D/StatusBar.MSimNetworkController( 2851): refreshViews phoneId =0mMSimDataConnected =false
D/StatusBar.MSimNetworkController( 2851): refreshViews mMSimDataActivity =0
D/StatusBar.MSimNetworkController( 2851): refreshViews: Data not connected!! Set no data type icon / Roaming for phoneId: 0
I/SurfaceFlinger(  264): FPS: 3
D/Netd    (  314): =====[xucm]:netd process is running!!!
V/WLAN_PSA(  331): NL MSG, len[4062], NL type[0x1C] WNI type[0x5900] len[50703]
V/WLAN_PSA(  331): NL MSG, PID: 331
I/SurfaceFlinger(  264): FPS: 2
I/SurfaceFlinger(  264): FPS: 2
I/SurfaceFlinger(  264): FPS: 2
I/SurfaceFlinger(  264): FPS: 2
V/WLAN_PSA(  331): NL MSG, len[4056], NL type[0x1C] WNI type[0x5900] len[49167]
V/WLAN_PSA(  331): NL MSG, PID: 331
I/SurfaceFlinger(  264): FPS: 2
E/GpsXtraDownloader(  867): No XTRA servers were specified in the GPS configuration
I/SurfaceFlinger(  264): FPS: 2
I/SurfaceFlinger(  264): FPS: 2
I/SurfaceFlinger(  264): FPS: 2
V/WLAN_PSA(  331): NL MSG, len[4037], NL type[0x1C] WNI type[0x5900] len[44303]
V/WLAN_PSA(  331): NL MSG, PID: 331
I/SurfaceFlinger(  264): FPS: 2
I/SurfaceFlinger(  264): FPS: 2
I/SurfaceFlinger(  264): FPS: 2
I/SurfaceFlinger(  264): FPS: 2
I/SurfaceFlinger(  264): FPS: 2
V/WLAN_PSA(  331): NL MSG, len[4095], NL type[0x1C] WNI type[0x5900] len[59151]
V/WLAN_PSA(  331): NL MSG, PID: 331
I/SurfaceFlinger(  264): FPS: 2
I/SurfaceFlinger(  264): FPS: 2
I/SurfaceFlinger(  264): FPS: 2
V/WLAN_PSA(  331): NL MSG, len[4075], NL type[0x1C] WNI type[0x5900] len[54031]
V/WLAN_PSA(  331): NL MSG, PID: 331
I/SurfaceFlinger(  264): FPS: 2
E/WifiStateMachine(  867): WifiStateMachine CMD_START_SCAN source -2 txSuccessRate=0.00 rxSuccessRate=4.76 targetRoamBSSID=any RSSI=-35
E/WifiStateMachine(  867): WifiStateMachine starting scan for "TP-Link_2FC1"-WPA_PSK with 2417
V/WLAN_PSA(  331): NL MSG, len[914], NL type[0x11] WNI type[0x5050] len[894]
V/WLAN_PSA(  331): NL MSG, PID: 331
V/WLAN_PSA(  331): NL MSG, len[048], NL type[0x11] WNI type[0x5050] len[028]
V/WLAN_PSA(  331): NL MSG, PID: 331
I/WifiHAL (  867): Poll result = 1
V/WLAN_PSA(  331): NL MSG, len[3893], NL type[0x1C] WNI type[0x5900] len[7439]
I/WifiHAL (  867): Found some events!!!
V/WLAN_PSA(  331): NL MSG, PID: 331
D/WifiHAL (  867): no_seq_check received
I/WifiHAL (  867): event received NL80211_CMD_TRIGGER_SCAN
I/WifiHAL (  867): event received NL80211_CMD_TRIGGER_SCAN, vendor_id = 0x0
I/WifiHAL (  867): event ignored!!
V/WLAN_PSA(  331): NL MSG, len[4012], NL type[0x1C] WNI type[0x5900] len[37903]
V/WLAN_PSA(  331): NL MSG, PID: 331
V/WLAN_PSA(  331): NL MSG, len[4009], NL type[0x1C] WNI type[0x5900] len[37135]
V/WLAN_PSA(  331): NL MSG, PID: 331
I/WifiHAL (  867): Poll result = 1
I/WifiHAL (  867): Found some events!!!
D/WifiHAL (  867): no_seq_check received
I/WifiHAL (  867): event received NL80211_CMD_NEW_SCAN_RESULTS
I/WifiHAL (  867): event received NL80211_CMD_NEW_SCAN_RESULTS, vendor_id = 0x0
I/WifiHAL (  867): event ignored!!
V/WLAN_PSA(  331): NL MSG, len[914], NL type[0x11] WNI type[0x5050] len[894]
V/WLAN_PSA(  331): NL MSG, PID: 331
V/WLAN_PSA(  331): NL MSG, len[4087], NL type[0x1C] WNI type[0x5900] len[57103]
V/WLAN_PSA(  331): NL MSG, PID: 331
I/SurfaceFlinger(  264): FPS: 2
I/SurfaceFlinger(  264): FPS: 2
I/SurfaceFlinger(  264): FPS: 2
I/SurfaceFlinger(  264): FPS: 2
E/GpsXtraDownloader(  867): No XTRA servers were specified in the GPS configuration
D/StatusBar.MSimNetworkController( 2851): refreshViews phoneId =0mMSimDataConnected =false
D/StatusBar.MSimNetworkController( 2851): refreshViews mMSimDataActivity =0
D/StatusBar.MSimNetworkController( 2851): refreshViews: Data not connected!! Set no data type icon / Roaming for phoneId: 0
V/WLAN_PSA(  331): NL MSG, len[4069], NL type[0x1C] WNI type[0x5900] len[52495]
V/WLAN_PSA(  331): NL MSG, PID: 331
I/SurfaceFlinger(  264): FPS: 3
D/StatusBar.MSimNetworkController( 2851): refreshViews phoneId =0mMSimDataConnected =false
D/StatusBar.MSimNetworkController( 2851): refreshViews mMSimDataActivity =0
D/StatusBar.MSimNetworkController( 2851): refreshViews: Data not connected!! Set no data type icon / Roaming for phoneId: 0
I/SurfaceFlinger(  264): FPS: 3
I/SurfaceFlinger(  264): FPS: 2
I/SurfaceFlinger(  264): FPS: 2
V/WLAN_PSA(  331): NL MSG, len[4026], NL type[0x1C] WNI type[0x5900] len[41487]
V/WLAN_PSA(  331): NL MSG, PID: 331
D/StatusBar.MSimNetworkController( 2851): refreshViews phoneId =0mMSimDataConnected =false
D/StatusBar.MSimNetworkController( 2851): refreshViews mMSimDataActivity =0
D/StatusBar.MSimNetworkController( 2851): refreshViews: Data not connected!! Set no data type icon / Roaming for phoneId: 0
I/SurfaceFlinger(  264): FPS: 3
D/StatusBar.MSimNetworkController( 2851): refreshViews phoneId =0mMSimDataConnected =false
D/StatusBar.MSimNetworkController( 2851): refreshViews mMSimDataActivity =0
D/StatusBar.MSimNetworkController( 2851): refreshViews: Data not connected!! Set no data type icon / Roaming for phoneId: 0
I/SurfaceFlinger(  264): FPS: 3
I/SurfaceFlinger(  264): FPS: 2
I/SurfaceFlinger(  264): FPS: 2
V/WLAN_PSA(  331): NL MSG, len[4074], NL type[0x1C] WNI type[0x5900] len[53775]
V/WLAN_PSA(  331): NL MSG, PID: 331
D/Netd    (  314): =====[xucm]:netd process is running!!!
I/SurfaceFlinger(  264): FPS: 2
I/SurfaceFlinger(  264): FPS: 2
I/SurfaceFlinger(  264): FPS: 2
W/ContextImpl( 2851): Calling a method in the system process without a qualified user: android.app.ContextImpl.sendBroadcast:1425 android.content.ContextWrapper.sendBroadcast:384 com.android.systemui.statusbar.policy.DateView.updateClock:117 com.android.systemui.statusbar.policy.DateView$1.onReceive:59 android.app.LoadedApk$ReceiverDispatcher$Args.run:866 
W/ContextImpl( 2851): Calling a method in the system process without a qualified user: android.app.ContextImpl.sendBroadcast:1425 android.content.ContextWrapper.sendBroadcast:384 com.android.systemui.statusbar.policy.DateView.updateClock:117 com.android.systemui.statusbar.policy.DateView$1.onReceive:59 android.app.LoadedApk$ReceiverDispatcher$Args.run:866 
I/SurfaceFlinger(  264): FPS: 3
V/WLAN_PSA(  331): NL MSG, len[4051], NL type[0x1C] WNI type[0x5900] len[47887]
V/WLAN_PSA(  331): NL MSG, PID: 331
I/SurfaceFlinger(  264): FPS: 2
I/SurfaceFlinger(  264): FPS: 2
I/SurfaceFlinger(  264): FPS: 2
V/WLAN_PSA(  331): NL MSG, len[4042], NL type[0x1C] WNI type[0x5900] len[45583]
V/WLAN_PSA(  331): NL MSG, PID: 331
E/WifiStateMachine(  867): WifiStateMachine CMD_START_SCAN source -2 txSuccessRate=0.06 rxSuccessRate=5.43 targetRoamBSSID=any RSSI=-35
E/WifiStateMachine(  867): WifiStateMachine starting scan for "TP-Link_2FC1"-WPA_PSK with 2417
V/WLAN_PSA(  331): NL MSG, len[914], NL type[0x11] WNI type[0x5050] len[894]
V/WLAN_PSA(  331): NL MSG, PID: 331
I/WifiHAL (  867): Poll result = 1
I/WifiHAL (  867): Found some events!!!
D/WifiHAL (  867): no_seq_check received
I/WifiHAL (  867): event received NL80211_CMD_TRIGGER_SCAN
I/WifiHAL (  867): event received NL80211_CMD_TRIGGER_SCAN, vendor_id = 0x0
I/WifiHAL (  867): event ignored!!
V/WLAN_PSA(  331): NL MSG, len[048], NL type[0x11] WNI type[0x5050] len[028]
V/WLAN_PSA(  331): NL MSG, PID: 331
V/WLAN_PSA(  331): NL MSG, len[4079], NL type[0x1C] WNI type[0x5900] len[55055]
V/WLAN_PSA(  331): NL MSG, PID: 331
I/SurfaceFlinger(  264): FPS: 2
V/WLAN_PSA(  331): NL MSG, len[3996], NL type[0x1C] WNI type[0x5900] len[33807]
V/WLAN_PSA(  331): NL MSG, PID: 331
V/WLAN_PSA(  331): NL MSG, len[914], NL type[0x11] WNI type[0x5050] len[894]
V/WLAN_PSA(  331): NL MSG, PID: 331
I/WifiHAL (  867): Poll result = 1
I/WifiHAL (  867): Found some events!!!
D/WifiHAL (  867): no_seq_check received
I/WifiHAL (  867): event received NL80211_CMD_NEW_SCAN_RESULTS
I/WifiHAL (  867): event received NL80211_CMD_NEW_SCAN_RESULTS, vendor_id = 0x0
I/WifiHAL (  867): event ignored!!
V/WLAN_PSA(  331): NL MSG, len[4079], NL type[0x1C] WNI type[0x5900] len[55055]
V/WLAN_PSA(  331): NL MSG, PID: 331
I/SurfaceFlinger(  264): FPS: 2
I/SurfaceFlinger(  264): FPS: 2
V/WLAN_PSA(  331): NL MSG, len[4038], NL type[0x1C] WNI type[0x5900] len[44559]
V/WLAN_PSA(  331): NL MSG, PID: 331
I/SurfaceFlinger(  264): FPS: 2
D/StatusBar.MSimNetworkController( 2851): refreshViews phoneId =0mMSimDataConnected =false
D/StatusBar.MSimNetworkController( 2851): refreshViews mMSimDataActivity =0
D/StatusBar.MSimNetworkController( 2851): refreshViews: Data not connected!! Set no data type icon / Roaming for phoneId: 0
I/SurfaceFlinger(  264): FPS: 3
D/StatusBar.MSimNetworkController( 2851): refreshViews phoneId =0mMSimDataConnected =false
D/StatusBar.MSimNetworkController( 2851): refreshViews mMSimDataActivity =0
D/StatusBar.MSimNetworkController( 2851): refreshViews: Data not connected!! Set no data type icon / Roaming for phoneId: 0
I/SurfaceFlinger(  264): FPS: 3
I/SurfaceFlinger(  264): FPS: 2
V/WLAN_PSA(  331): NL MSG, len[4036], NL type[0x1C] WNI type[0x5900] len[44047]
V/WLAN_PSA(  331): NL MSG, PID: 331
I/SurfaceFlinger(  264): FPS: 2
I/SurfaceFlinger(  264): FPS: 2
I/SurfaceFlinger(  264): FPS: 2
I/SurfaceFlinger(  264): FPS: 2
I/SurfaceFlinger(  264): FPS: 2
V/WLAN_PSA(  331): NL MSG, len[4095], NL type[0x1C] WNI type[0x5900] len[59151]
V/WLAN_PSA(  331): NL MSG, PID: 331
I/SurfaceFlinger(  264): FPS: 2
I/SurfaceFlinger(  264): FPS: 2
I/SurfaceFlinger(  264): FPS: 2
V/WLAN_PSA(  331): NL MSG, len[4075], NL type[0x1C] WNI type[0x5900] len[54031]
V/WLAN_PSA(  331): NL MSG, PID: 331
I/SurfaceFlinger(  264): FPS: 2
I/SurfaceFlinger(  264): FPS: 2
E/GpsXtraDownloader(  867): No XTRA servers were specified in the GPS configuration
I/SurfaceFlinger(  264): FPS: 2
I/SurfaceFlinger(  264): FPS: 2
I/SurfaceFlinger(  264): FPS: 2
E/WifiStateMachine(  867): WifiStateMachine CMD_START_SCAN source -2 txSuccessRate=0.00 rxSuccessRate=12.88 targetRoamBSSID=any RSSI=-36
E/WifiStateMachine(  867): WifiStateMachine starting scan for "TP-Link_2FC1"-WPA_PSK with 2417
V/WLAN_PSA(  331): NL MSG, len[914], NL type[0x11] WNI type[0x5050] len[894]
V/WLAN_PSA(  331): NL MSG, PID: 331
V/WLAN_PSA(  331): NL MSG, len[4091], NL type[0x1C] WNI type[0x5900] len[58127]
I/WifiHAL (  867): Poll result = 1
V/WLAN_PSA(  331): NL MSG, PID: 331
I/WifiHAL (  867): Found some events!!!
D/WifiHAL (  867): no_seq_check received
I/WifiHAL (  867): event received NL80211_CMD_TRIGGER_SCAN
I/WifiHAL (  867): event received NL80211_CMD_TRIGGER_SCAN, vendor_id = 0x0
V/WLAN_PSA(  331): NL MSG, len[048], NL type[0x11] WNI type[0x5050] len[028]
I/WifiHAL (  867): event ignored!!
V/WLAN_PSA(  331): NL MSG, PID: 331
V/WLAN_PSA(  331): NL MSG, len[4080], NL type[0x1C] WNI type[0x5900] len[55311]
V/WLAN_PSA(  331): NL MSG, PID: 331
V/WLAN_PSA(  331): NL MSG, len[4012], NL type[0x1C] WNI type[0x5900] len[37903]
V/WLAN_PSA(  331): NL MSG, PID: 331
I/WifiHAL (  867): Poll result = 1
I/WifiHAL (  867): Found some events!!!
D/WifiHAL (  867): no_seq_check received
I/WifiHAL (  867): event received NL80211_CMD_NEW_SCAN_RESULTS
V/WLAN_PSA(  331): NL MSG, len[914], NL type[0x11] WNI type[0x5050] len[894]
V/WLAN_PSA(  331): NL MSG, PID: 331
I/WifiHAL (  867): event received NL80211_CMD_NEW_SCAN_RESULTS, vendor_id = 0x0
I/WifiHAL (  867): event ignored!!
V/WLAN_PSA(  331): NL MSG, len[3943], NL type[0x1C] WNI type[0x5900] len[20239]
V/WLAN_PSA(  331): NL MSG, PID: 331
I/SurfaceFlinger(  264): FPS: 2
V/WLAN_PSA(  331): NL MSG, len[4064], NL type[0x1C] WNI type[0x5900] len[51215]
V/WLAN_PSA(  331): NL MSG, PID: 331
I/SurfaceFlinger(  264): FPS: 2
D/Netd    (  314): =====[xucm]:netd process is running!!!
I/SurfaceFlinger(  264): FPS: 2
I/SurfaceFlinger(  264): FPS: 2
I/SurfaceFlinger(  264): FPS: 2
V/WLAN_PSA(  331): NL MSG, len[4012], NL type[0x1C] WNI type[0x5900] len[37903]
V/WLAN_PSA(  331): NL MSG, PID: 331
I/SurfaceFlinger(  264): FPS: 2
I/SurfaceFlinger(  264): FPS: 2
I/SurfaceFlinger(  264): FPS: 2
I/SurfaceFlinger(  264): FPS: 2
I/SurfaceFlinger(  264): FPS: 2
V/WLAN_PSA(  331): NL MSG, len[4019], NL type[0x1C] WNI type[0x5900] len[39695]
V/WLAN_PSA(  331): NL MSG, PID: 331
I/SurfaceFlinger(  264): FPS: 2
I/SurfaceFlinger(  264): FPS: 2
I/SurfaceFlinger(  264): FPS: 2
D/StatusBar.MSimNetworkController( 2851): refreshViews phoneId =0mMSimDataConnected =false
D/StatusBar.MSimNetworkController( 2851): refreshViews mMSimDataActivity =0
D/StatusBar.MSimNetworkController( 2851): refreshViews: Data not connected!! Set no data type icon / Roaming for phoneId: 0
V/WLAN_PSA(  331): NL MSG, len[4072], NL type[0x1C] WNI type[0x5900] len[53263]
V/WLAN_PSA(  331): NL MSG, PID: 331
I/rmt_storage(  313): rmt_storage_connect_cb: clnt_h=0x2d0 conn_h=0xb851c7e0
I/rmt_storage(  313): rmt_storage_rw_iovec_cb: /boot/modem_fs1: clnt_h=0xb851c408: req_h=0x2d0 msg_id=3: R/W request received
I/rmt_storage(  313): wakelock acquired: 1, error no: 88
I/rmt_storage(  313): rmt_storage_client_thread: /boot/modem_fs1: clnt_h=0xb851c408 Unblock worker thread (th_id: -1202600624)
I/rmt_storage(  313): rmt_storage_client_thread: /boot/modem_fs1: clnt_h=0xb851c408: req_h=0x2d0 msg_id=3: Bytes written = 917504
I/rmt_storage(  313): rmt_storage_client_thread: /boot/modem_fs1: clnt_h=0xb851c408: req_h=0x2d0 msg_id=3: Send response: res=0 err=0
I/rmt_storage(  313): rmt_storage_client_thread: /boot/modem_fs1: clnt_h=0xb851c408 About to block rmt_storage client thread (th_id: -1202600624) wakelock released: 1, error no: 88
I/rmt_storage(  313): 
I/rmt_storage(  313): rmt_storage_disconnect_cb: clnt_h=0x2d0 conn_h=0xb851c7e0
I/SurfaceFlinger(  264): FPS: 3
D/StatusBar.MSimNetworkController( 2851): refreshViews phoneId =0mMSimDataConnected =false
D/StatusBar.MSimNetworkController( 2851): refreshViews mMSimDataActivity =0
D/StatusBar.MSimNetworkController( 2851): refreshViews: Data not connected!! Set no data type icon / Roaming for phoneId: 0
E/GpsXtraDownloader(  867): No XTRA servers were specified in the GPS configuration
I/SurfaceFlinger(  264): FPS: 3
I/SurfaceFlinger(  264): FPS: 2
I/SurfaceFlinger(  264): FPS: 2
V/WLAN_PSA(  331): NL MSG, len[4021], NL type[0x1C] WNI type[0x5900] len[40207]
V/WLAN_PSA(  331): NL MSG, PID: 331
I/SurfaceFlinger(  264): FPS: 2
I/SurfaceFlinger(  264): FPS: 2
E/WifiStateMachine(  867): WifiStateMachine CMD_START_SCAN source -2 txSuccessRate=0.00 rxSuccessRate=13.56 targetRoamBSSID=any RSSI=-37
E/WifiStateMachine(  867): WifiStateMachine starting scan for "TP-Link_2FC1"-WPA_PSK with 2417
V/WLAN_PSA(  331): NL MSG, len[3989], NL type[0x1C] WNI type[0x5900] len[32015]
V/WLAN_PSA(  331): NL MSG, PID: 331
I/WifiHAL (  867): Poll result = 1
I/WifiHAL (  867): Found some events!!!
D/WifiHAL (  867): no_seq_check received
I/WifiHAL (  867): event received NL80211_CMD_TRIGGER_SCAN
V/WLAN_PSA(  331): NL MSG, len[914], NL type[0x11] WNI type[0x5050] len[894]
I/WifiHAL (  867): event received NL80211_CMD_TRIGGER_SCAN, vendor_id = 0x0
V/WLAN_PSA(  331): NL MSG, PID: 331
I/WifiHAL (  867): event ignored!!
V/WLAN_PSA(  331): NL MSG, len[048], NL type[0x11] WNI type[0x5050] len[028]
V/WLAN_PSA(  331): NL MSG, PID: 331
V/WLAN_PSA(  331): NL MSG, len[3989], NL type[0x1C] WNI type[0x5900] len[32015]
V/WLAN_PSA(  331): NL MSG, PID: 331
I/SurfaceFlinger(  264): FPS: 2
V/WLAN_PSA(  331): NL MSG, len[3992], NL type[0x1C] WNI type[0x5900] len[32783]
V/WLAN_PSA(  331): NL MSG, PID: 331
V/WLAN_PSA(  331): NL MSG, len[914], NL type[0x11] WNI type[0x5050] len[894]
V/WLAN_PSA(  331): NL MSG, PID: 331
V/WLAN_PSA(  331): NL MSG, len[4004], NL type[0x1C] WNI type[0x5900] len[35855]
V/WLAN_PSA(  331): NL MSG, PID: 331
I/WifiHAL (  867): Poll result = 1
I/WifiHAL (  867): Found some events!!!
D/WifiHAL (  867): no_seq_check received
I/WifiHAL (  867): event received NL80211_CMD_NEW_SCAN_RESULTS
I/WifiHAL (  867): event received NL80211_CMD_NEW_SCAN_RESULTS, vendor_id = 0x0
I/WifiHAL (  867): event ignored!!
D/StatusBar.MSimNetworkController( 2851): refreshViews phoneId =0mMSimDataConnected =false
D/StatusBar.MSimNetworkController( 2851): refreshViews mMSimDataActivity =0
D/StatusBar.MSimNetworkController( 2851): refreshViews: Data not connected!! Set no data type icon / Roaming for phoneId: 0
I/SurfaceFlinger(  264): FPS: 3
D/StatusBar.MSimNetworkController( 2851): refreshViews phoneId =0mMSimDataConnected =false
D/StatusBar.MSimNetworkController( 2851): refreshViews mMSimDataActivity =0
D/StatusBar.MSimNetworkController( 2851): refreshViews: Data not connected!! Set no data type icon / Roaming for phoneId: 0
I/SurfaceFlinger(  264): FPS: 3
V/WLAN_PSA(  331): NL MSG, len[4034], NL type[0x1C] WNI type[0x5900] len[43535]
V/WLAN_PSA(  331): NL MSG, PID: 331
I/SurfaceFlinger(  264): FPS: 2
I/SurfaceFlinger(  264): FPS: 2
I/SurfaceFlinger(  264): FPS: 2
I/SurfaceFlinger(  264): FPS: 2
I/SurfaceFlinger(  264): FPS: 2
D/StatusBar.MSimNetworkController( 2851): refreshViews phoneId =0mMSimDataConnected =false
D/StatusBar.MSimNetworkController( 2851): refreshViews mMSimDataActivity =0
D/StatusBar.MSimNetworkController( 2851): refreshViews: Data not connected!! Set no data type icon / Roaming for phoneId: 0
V/WLAN_PSA(  331): NL MSG, len[4091], NL type[0x1C] WNI type[0x5900] len[58127]
V/WLAN_PSA(  331): NL MSG, PID: 331
I/SurfaceFlinger(  264): FPS: 3
D/StatusBar.MSimNetworkController( 2851): refreshViews phoneId =0mMSimDataConnected =false
D/StatusBar.MSimNetworkController( 2851): refreshViews mMSimDataActivity =0
D/StatusBar.MSimNetworkController( 2851): refreshViews: Data not connected!! Set no data type icon / Roaming for phoneId: 0
I/SurfaceFlinger(  264): FPS: 3
I/SurfaceFlinger(  264): FPS: 2
V/WLAN_PSA(  331): NL MSG, len[4085], NL type[0x1C] WNI type[0x5900] len[56591]
V/WLAN_PSA(  331): NL MSG, PID: 331
I/SurfaceFlinger(  264): FPS: 2
D/Netd    (  314): =====[xucm]:netd process is running!!!
I/SurfaceFlinger(  264): FPS: 2
E/GpsXtraDownloader(  867): No XTRA servers were specified in the GPS configuration
I/SurfaceFlinger(  264): FPS: 2
I/SurfaceFlinger(  264): FPS: 2
W/ContextImpl( 2851): Calling a method in the system process without a qualified user: android.app.ContextImpl.sendBroadcast:1425 android.content.ContextWrapper.sendBroadcast:384 com.android.systemui.statusbar.policy.DateView.updateClock:117 com.android.systemui.statusbar.policy.DateView$1.onReceive:59 android.app.LoadedApk$ReceiverDispatcher$Args.run:866 
W/ContextImpl( 2851): Calling a method in the system process without a qualified user: android.app.ContextImpl.sendBroadcast:1425 android.content.ContextWrapper.sendBroadcast:384 com.android.systemui.statusbar.policy.DateView.updateClock:117 com.android.systemui.statusbar.policy.DateView$1.onReceive:59 android.app.LoadedApk$ReceiverDispatcher$Args.run:866 
I/SurfaceFlinger(  264): FPS: 2
V/WLAN_PSA(  331): NL MSG, len[4013], NL type[0x1C] WNI type[0x5900] len[38159]
V/WLAN_PSA(  331): NL MSG, PID: 331
I/SurfaceFlinger(  264): FPS: 2
I/SurfaceFlinger(  264): FPS: 2
E/GpsXtraDownloader(  867): No XTRA servers were specified in the GPS configuration
I/SurfaceFlinger(  264): FPS: 2
I/SurfaceFlinger(  264): FPS: 2
E/WifiStateMachine(  867): WifiStateMachine CMD_START_SCAN source -2 txSuccessRate=0.14 rxSuccessRate=5.35 targetRoamBSSID=any RSSI=-35
E/WifiStateMachine(  867): WifiStateMachine starting scan for "TP-Link_2FC1"-WPA_PSK with 2417
V/WLAN_PSA(  331): NL MSG, len[4032], NL type[0x1C] WNI type[0x5900] len[43023]
V/WLAN_PSA(  331): NL MSG, PID: 331
V/WLAN_PSA(  331): NL MSG, len[914], NL type[0x11] WNI type[0x5050] len[894]
V/WLAN_PSA(  331): NL MSG, PID: 331
I/WifiHAL (  867): Poll result = 1
I/WifiHAL (  867): Found some events!!!
D/WifiHAL (  867): no_seq_check received
I/WifiHAL (  867): event received NL80211_CMD_TRIGGER_SCAN
I/WifiHAL (  867): event received NL80211_CMD_TRIGGER_SCAN, vendor_id = 0x0
I/WifiHAL (  867): event ignored!!
V/WLAN_PSA(  331): NL MSG, len[048], NL type[0x11] WNI type[0x5050] len[028]
V/WLAN_PSA(  331): NL MSG, PID: 331
V/WLAN_PSA(  331): NL MSG, len[4061], NL type[0x1C] WNI type[0x5900] len[50447]
V/WLAN_PSA(  331): NL MSG, PID: 331
V/WLAN_PSA(  331): NL MSG, len[4059], NL type[0x1C] WNI type[0x5900] len[49935]
V/WLAN_PSA(  331): NL MSG, PID: 331
V/WLAN_PSA(  331): NL MSG, len[914], NL type[0x11] WNI type[0x5050] len[894]
V/WLAN_PSA(  331): NL MSG, PID: 331
V/WLAN_PSA(  331): NL MSG, len[3994], NL type[0x1C] WNI type[0x5900] len[33295]
V/WLAN_PSA(  331): NL MSG, PID: 331
I/WifiHAL (  867): Poll result = 1
I/WifiHAL (  867): Found some events!!!
D/WifiHAL (  867): no_seq_check received
I/WifiHAL (  867): event received NL80211_CMD_NEW_SCAN_RESULTS
I/WifiHAL (  867): event received NL80211_CMD_NEW_SCAN_RESULTS, vendor_id = 0x0
I/WifiHAL (  867): event ignored!!
V/WLAN_PSA(  331): NL MSG, len[4037], NL type[0x1C] WNI type[0x5900] len[44303]
V/WLAN_PSA(  331): NL MSG, PID: 331
I/SurfaceFlinger(  264): FPS: 2
I/SurfaceFlinger(  264): FPS: 2
D/StatusBar.MSimNetworkController( 2851): refreshViews phoneId =0mMSimDataConnected =false
D/StatusBar.MSimNetworkController( 2851): refreshViews mMSimDataActivity =0
D/StatusBar.MSimNetworkController( 2851): refreshViews: Data not connected!! Set no data type icon / Roaming for phoneId: 0
I/SurfaceFlinger(  264): FPS: 3
D/StatusBar.MSimNetworkController( 2851): refreshViews phoneId =0mMSimDataConnected =false
D/StatusBar.MSimNetworkController( 2851): refreshViews mMSimDataActivity =0
D/StatusBar.MSimNetworkController( 2851): refreshViews: Data not connected!! Set no data type icon / Roaming for phoneId: 0
I/SurfaceFlinger(  264): FPS: 3
I/SurfaceFlinger(  264): FPS: 2
V/WLAN_PSA(  331): NL MSG, len[4021], NL type[0x1C] WNI type[0x5900] len[40207]
V/WLAN_PSA(  331): NL MSG, PID: 331
I/SurfaceFlinger(  264): FPS: 2
I/SurfaceFlinger(  264): FPS: 2
I/SurfaceFlinger(  264): FPS: 2
I/SurfaceFlinger(  264): FPS: 2
V/WLAN_PSA(  331): NL MSG, len[4019], NL type[0x1C] WNI type[0x5900] len[39695]
V/WLAN_PSA(  331): NL MSG, PID: 331
I/SurfaceFlinger(  264): FPS: 2
I/MPushReceiver( 4321): >>> onReceive, MPush.I.client.hasStarted check isRunning...
I/MPushReceiver( 4321): >>> onReceive, MPush.I.client.isRunning do healthCheck...
D/MPUSH   ( 4321): <<< send heartbeat ping...
D/MPUSH   ( 4321): write packet end, packet.cmd=1, packet.body=0 costTime=4
I/MPushReceiver( 4321): >>> Mpush health check startAlarm, MPushReceiver.delay: 179000
D/StatusBar.MSimNetworkController( 2851): refreshViews phoneId =0mMSimDataConnected =false
D/StatusBar.MSimNetworkController( 2851): refreshViews mMSimDataActivity =0
D/StatusBar.MSimNetworkController( 2851): refreshViews: Data not connected!! Set no data type icon / Roaming for phoneId: 0
D/MPUSH   ( 4321): >>> receive heartbeat pong...
I/SurfaceFlinger(  264): FPS: 3
I/SurfaceFlinger(  264): FPS: 2
D/StatusBar.MSimNetworkController( 2851): refreshViews phoneId =0mMSimDataConnected =false
D/StatusBar.MSimNetworkController( 2851): refreshViews mMSimDataActivity =0
D/StatusBar.MSimNetworkController( 2851): refreshViews: Data not connected!! Set no data type icon / Roaming for phoneId: 0
V/WLAN_PSA(  331): NL MSG, len[4074], NL type[0x1C] WNI type[0x5900] len[53775]
V/WLAN_PSA(  331): NL MSG, PID: 331
I/SurfaceFlinger(  264): FPS: 3
I/SurfaceFlinger(  264): FPS: 2
I/SurfaceFlinger(  264): FPS: 2
I/SurfaceFlinger(  264): FPS: 2
I/SurfaceFlinger(  264): FPS: 2
V/WLAN_PSA(  331): NL MSG, len[4091], NL type[0x1C] WNI type[0x5900] len[58127]
V/WLAN_PSA(  331): NL MSG, PID: 331
I/SurfaceFlinger(  264): FPS: 2
I/SurfaceFlinger(  264): FPS: 2
E/WifiStateMachine(  867): WifiStateMachine CMD_START_SCAN source -2 txSuccessRate=0.25 rxSuccessRate=9.65 targetRoamBSSID=any RSSI=-37
E/WifiStateMachine(  867): WifiStateMachine starting scan for "TP-Link_2FC1"-WPA_PSK with 2417
V/WLAN_PSA(  331): NL MSG, len[914], NL type[0x11] WNI type[0x5050] len[894]
V/WLAN_PSA(  331): NL MSG, PID: 331
V/WLAN_PSA(  331): NL MSG, len[4085], NL type[0x1C] WNI type[0x5900] len[56591]
V/WLAN_PSA(  331): NL MSG, PID: 331
I/WifiHAL (  867): Poll result = 1
I/WifiHAL (  867): Found some events!!!
D/WifiHAL (  867): no_seq_check received
I/WifiHAL (  867): event received NL80211_CMD_TRIGGER_SCAN
I/WifiHAL (  867): event received NL80211_CMD_TRIGGER_SCAN, vendor_id = 0x0
I/WifiHAL (  867): event ignored!!
V/WLAN_PSA(  331): NL MSG, len[048], NL type[0x11] WNI type[0x5050] len[028]
V/WLAN_PSA(  331): NL MSG, PID: 331
V/WLAN_PSA(  331): NL MSG, len[3999], NL type[0x1C] WNI type[0x5900] len[34575]
V/WLAN_PSA(  331): NL MSG, PID: 331
V/WLAN_PSA(  331): NL MSG, len[4001], NL type[0x1C] WNI type[0x5900] len[35087]
V/WLAN_PSA(  331): NL MSG, PID: 331
V/WLAN_PSA(  331): NL MSG, len[914], NL type[0x11] WNI type[0x5050] len[894]
V/WLAN_PSA(  331): NL MSG, PID: 331
V/WLAN_PSA(  331): NL MSG, len[4014], NL type[0x1C] WNI type[0x5900] len[38415]
V/WLAN_PSA(  331): NL MSG, PID: 331
I/WifiHAL (  867): Poll result = 1
I/WifiHAL (  867): Found some events!!!
D/WifiHAL (  867): no_seq_check received
I/WifiHAL (  867): event received NL80211_CMD_NEW_SCAN_RESULTS
I/WifiHAL (  867): event received NL80211_CMD_NEW_SCAN_RESULTS, vendor_id = 0x0
I/WifiHAL (  867): event ignored!!
I/SurfaceFlinger(  264): FPS: 2
I/SurfaceFlinger(  264): FPS: 2
V/WLAN_PSA(  331): NL MSG, len[4086], NL type[0x1C] WNI type[0x5900] len[56847]
V/WLAN_PSA(  331): NL MSG, PID: 331
D/Netd    (  314): =====[xucm]:netd process is running!!!
I/SurfaceFlinger(  264): FPS: 2
I/SurfaceFlinger(  264): FPS: 2
I/SurfaceFlinger(  264): FPS: 2
I/SurfaceFlinger(  264): FPS: 2
I/SurfaceFlinger(  264): FPS: 2
V/WLAN_PSA(  331): NL MSG, len[4019], NL type[0x1C] WNI type[0x5900] len[39695]
V/WLAN_PSA(  331): NL MSG, PID: 331
I/SurfaceFlinger(  264): FPS: 2
I/SurfaceFlinger(  264): FPS: 2
I/SurfaceFlinger(  264): FPS: 2
V/WLAN_PSA(  331): NL MSG, len[4072], NL type[0x1C] WNI type[0x5900] len[53263]
V/WLAN_PSA(  331): NL MSG, PID: 331
E/PaxSmartDeviceManagerService( 2871): UtilLogger.java:[e---65]mBatteryReceiver=BATTERY_STATUS_CHARGING
D/HeadsetStateMachine( 4553): Disconnected process message: 10, size: 0
I/SurfaceFlinger(  264): FPS: 2
I/SurfaceFlinger(  264): FPS: 4
I/SurfaceFlinger(  264): FPS: 2
I/SurfaceFlinger(  264): FPS: 2
I/SurfaceFlinger(  264): FPS: 2
V/WLAN_PSA(  331): NL MSG, len[4021], NL type[0x1C] WNI type[0x5900] len[40207]
V/WLAN_PSA(  331): NL MSG, PID: 331
I/SurfaceFlinger(  264): FPS: 2
I/SurfaceFlinger(  264): FPS: 2
I/SurfaceFlinger(  264): FPS: 2
I/SurfaceFlinger(  264): FPS: 2
V/WLAN_PSA(  331): NL MSG, len[4019], NL type[0x1C] WNI type[0x5900] len[39695]
V/WLAN_PSA(  331): NL MSG, PID: 331
I/SurfaceFlinger(  264): FPS: 2
E/WifiStateMachine(  867): WifiStateMachine CMD_START_SCAN source -2 txSuccessRate=0.00 rxSuccessRate=5.51 targetRoamBSSID=any RSSI=-35
E/WifiStateMachine(  867): WifiStateMachine starting scan for "TP-Link_2FC1"-WPA_PSK with 2417
V/WLAN_PSA(  331): NL MSG, len[914], NL type[0x11] WNI type[0x5050] len[894]
V/WLAN_PSA(  331): NL MSG, PID: 331
V/WLAN_PSA(  331): NL MSG, len[048], NL type[0x11] WNI type[0x5050] len[028]
V/WLAN_PSA(  331): NL MSG, PID: 331
I/WifiHAL (  867): Poll result = 1
I/WifiHAL (  867): Found some events!!!
V/WLAN_PSA(  331): NL MSG, len[4079], NL type[0x1C] WNI type[0x5900] len[55055]
D/WifiHAL (  867): no_seq_check received
V/WLAN_PSA(  331): NL MSG, PID: 331
I/WifiHAL (  867): event received NL80211_CMD_TRIGGER_SCAN
I/WifiHAL (  867): event received NL80211_CMD_TRIGGER_SCAN, vendor_id = 0x0
I/WifiHAL (  867): event ignored!!
V/WLAN_PSA(  331): NL MSG, len[4044], NL type[0x1C] WNI type[0x5900] len[46095]
V/WLAN_PSA(  331): NL MSG, PID: 331
V/WLAN_PSA(  331): NL MSG, len[4091], NL type[0x1C] WNI type[0x5900] len[58127]
V/WLAN_PSA(  331): NL MSG, PID: 331
V/WLAN_PSA(  331): NL MSG, len[914], NL type[0x11] WNI type[0x5050] len[894]
V/WLAN_PSA(  331): NL MSG, PID: 331
I/WifiHAL (  867): Poll result = 1
I/WifiHAL (  867): Found some events!!!
D/WifiHAL (  867): no_seq_check received
I/WifiHAL (  867): event received NL80211_CMD_NEW_SCAN_RESULTS
I/WifiHAL (  867): event received NL80211_CMD_NEW_SCAN_RESULTS, vendor_id = 0x0
I/WifiHAL (  867): event ignored!!
V/WLAN_PSA(  331): NL MSG, len[4072], NL type[0x1C] WNI type[0x5900] len[53263]
V/WLAN_PSA(  331): NL MSG, PID: 331
I/SurfaceFlinger(  264): FPS: 2
I/SurfaceFlinger(  264): FPS: 2
I/SurfaceFlinger(  264): FPS: 2
I/SurfaceFlinger(  264): FPS: 2
V/WLAN_PSA(  331): NL MSG, len[4057], NL type[0x1C] WNI type[0x5900] len[49423]
V/WLAN_PSA(  331): NL MSG, PID: 331
I/SurfaceFlinger(  264): FPS: 2
I/SurfaceFlinger(  264): FPS: 2
I/SurfaceFlinger(  264): FPS: 2
I/SurfaceFlinger(  264): FPS: 2
V/WLAN_PSA(  331): NL MSG, len[4019], NL type[0x1C] WNI type[0x5900] len[39695]
V/WLAN_PSA(  331): NL MSG, PID: 331
E/QCALOG  (  487): [MessageQ] P