V/WLAN_PSA(  331): NL MSG, len[914], NL type[0x11] WNI type[0x5050] len[894]
V/WLAN_PSA(  331): NL MSG, PID: 331
I/WifiHAL (  867): Poll result = 1
I/WifiHAL (  867): Found some events!!!
D/WifiHAL (  867): no_seq_check received
I/WifiHAL (  867): event received NL80211_CMD_TRIGGER_SCAN
I/WifiHAL (  867): event received NL80211_CMD_TRIGGER_SCAN, vendor_id = 0x0
I/WifiHAL (  867): event ignored!!
V/WLAN_PSA(  331): NL MSG, len[048], NL type[0x11] WNI type[0x5050] len[028]
V/WLAN_PSA(  331): NL MSG, PID: 331
V/WLAN_PSA(  331): NL MSG, len[4044], NL type[0x1C] WNI type[0x5900] len[46095]
V/WLAN_PSA(  331): NL MSG, PID: 331
V/WLAN_PSA(  331): NL MSG, len[048], NL type[0x11] WNI type[0x5050] len[028]
V/WLAN_PSA(  331): NL MSG, PID: 331
V/WLAN_PSA(  331): NL MSG, len[914], NL type[0x11] WNI type[0x5050] len[894]
V/WLAN_PSA(  331): NL MSG, PID: 331
I/WifiHAL (  867): Poll result = 1
I/WifiHAL (  867): Found some events!!!
D/WifiHAL (  867): no_seq_check received
I/WifiHAL (  867): event received NL80211_CMD_NEW_SCAN_RESULTS
I/WifiHAL (  867): event received NL80211_CMD_NEW_SCAN_RESULTS, vendor_id = 0x0
I/WifiHAL (  867): event ignored!!
V/WLAN_PSA(  331): NL MSG, len[3960], NL type[0x1C] WNI type[0x5900] len[24591]
V/WLAN_PSA(  331): NL MSG, PID: 331
I/SurfaceFlinger(  264): FPS: 2
V/WLAN_PSA(  331): NL MSG, len[4037], NL type[0x1C] WNI type[0x5900] len[44303]
V/WLAN_PSA(  331): NL MSG, PID: 331
I/SurfaceFlinger(  264): FPS: 2
I/SurfaceFlinger(  264): FPS: 2
I/SurfaceFlinger(  264): FPS: 2
I/SurfaceFlinger(  264): FPS: 2
V/WLAN_PSA(  331): NL MSG, len[4077], NL type[0x1C] WNI type[0x5900] len[54543]
V/WLAN_PSA(  331): NL MSG, PID: 331
I/SurfaceFlinger(  264): FPS: 2
I/SurfaceFlinger(  264): FPS: 2
I/SurfaceFlinger(  264): FPS: 2
I/SurfaceFlinger(  264): FPS: 2
V/WLAN_PSA(  331): NL MSG, len[4089], NL type[0x1C] WNI type[0x5900] len[57615]
V/WLAN_PSA(  331): NL MSG, PID: 331
D/StatusBar.MSimNetworkController( 2851): refreshViews phoneId =0mMSimDataConnected =false
D/StatusBar.MSimNetworkController( 2851): refreshViews mMSimDataActivity =0
D/StatusBar.MSimNetworkController( 2851): refreshViews: Data not connected!! Set no data type icon / Roaming for phoneId: 0
I/SurfaceFlinger(  264): FPS: 3
D/StatusBar.MSimNetworkController( 2851): refreshViews phoneId =0mMSimDataConnected =false
D/StatusBar.MSimNetworkController( 2851): refreshViews mMSimDataActivity =0
D/StatusBar.MSimNetworkController( 2851): refreshViews: Data not connected!! Set no data type icon / Roaming for phoneId: 0
I/SurfaceFlinger(  264): FPS: 3
I/SurfaceFlinger(  264): FPS: 2
I/MPushReceiver( 4321): >>> onReceive, MPush.I.client.hasStarted check isRunning...
I/MPushReceiver( 4321): >>> onReceive, MPush.I.client.isRunning do healthCheck...
D/MPUSH   ( 4321): <<< send heartbeat ping...
I/MPushReceiver( 4321): >>> Mpush health check startAlarm, MPushReceiver.delay: 179000
D/MPUSH   ( 4321): write packet end, packet.cmd=1, packet.body=0 costTime=9
D/MPUSH   ( 4321): >>> receive heartbeat pong...
D/StatusBar.MSimNetworkController( 2851): refreshViews phoneId =0mMSimDataConnected =false
D/StatusBar.MSimNetworkController( 2851): refreshViews mMSimDataActivity =0
D/StatusBar.MSimNetworkController( 2851): refreshViews: Data not connected!! Set no data type icon / Roaming for phoneId: 0
I/SurfaceFlinger(  264): FPS: 3
V/WLAN_PSA(  331): NL MSG, len[4005], NL type[0x1C] WNI type[0x5900] len[36111]
V/WLAN_PSA(  331): NL MSG, PID: 331
D/StatusBar.MSimNetworkController( 2851): refreshViews phoneId =0mMSimDataConnected =false
D/StatusBar.MSimNetworkController( 2851): refreshViews mMSimDataActivity =0
D/StatusBar.MSimNetworkController( 2851): refreshViews: Data not connected!! Set no data type icon / Roaming for phoneId: 0
I/SurfaceFlinger(  264): FPS: 3
D/StatusBar.MSimNetworkController( 2851): refreshViews phoneId =0mMSimDataConnected =false
D/StatusBar.MSimNetworkController( 2851): refreshViews mMSimDataActivity =0
D/StatusBar.MSimNetworkController( 2851): refreshViews: Data not connected!! Set no data type icon / Roaming for phoneId: 0
I/SurfaceFlinger(  264): FPS: 3
I/SurfaceFlinger(  264): FPS: 2
I/SurfaceFlinger(  264): FPS: 2
E/GpsXtraDownloader(  867): No XTRA servers were specified in the GPS configuration
V/WLAN_PSA(  331): NL MSG, len[4088], NL type[0x1C] WNI type[0x5900] len[57359]
V/WLAN_PSA(  331): NL MSG, PID: 331
I/SurfaceFlinger(  264): FPS: 2
D/StatusBar.MSimNetworkController( 2851): refreshViews phoneId =0mMSimDataConnected =false
D/StatusBar.MSimNetworkController( 2851): refreshViews mMSimDataActivity =0
D/StatusBar.MSimNetworkController( 2851): refreshViews: Data not connected!! Set no data type icon / Roaming for phoneId: 0
I/SurfaceFlinger(  264): FPS: 3
D/StatusBar.MSimNetworkController( 2851): refreshViews phoneId =0mMSimDataConnected =false
D/StatusBar.MSimNetworkController( 2851): refreshViews mMSimDataActivity =0
D/StatusBar.MSimNetworkController( 2851): refreshViews: Data not connected!! Set no data type icon / Roaming for phoneId: 0
I/SurfaceFlinger(  264): FPS: 3
E/WifiStateMachine(  867): WifiStateMachine CMD_START_SCAN source -2 txSuccessRate=0.25 rxSuccessRate=7.72 targetRoamBSSID=any RSSI=-36
E/WifiStateMachine(  867): WifiStateMachine starting scan for "TP-Link_2FC1"-WPA_PSK with 2417
V/WLAN_PSA(  331): NL MSG, len[4093], NL type[0x1C] WNI type[0x5900] len[58639]
V/WLAN_PSA(  331): NL MSG, PID: 331
V/WLAN_PSA(  331): NL MSG, len[914], NL type[0x11] WNI type[0x5050] len[894]
V/WLAN_PSA(  331): NL MSG, PID: 331
I/WifiHAL (  867): Poll result = 1
I/WifiHAL (  867): Found some events!!!
D/WifiHAL (  867): no_seq_check received
I/WifiHAL (  867): event received NL80211_CMD_TRIGGER_SCAN
I/WifiHAL (  867): event received NL80211_CMD_TRIGGER_SCAN, vendor_id = 0x0
I/WifiHAL (  867): event ignored!!
V/WLAN_PSA(  331): NL MSG, len[048], NL type[0x11] WNI type[0x5050] len[028]
V/WLAN_PSA(  331): NL MSG, PID: 331
V/WLAN_PSA(  331): NL MSG, len[4068], NL type[0x1C] WNI type[0x5900] len[52239]
V/WLAN_PSA(  331): NL MSG, PID: 331
V/WLAN_PSA(  331): NL MSG, len[4015], NL type[0x1C] WNI type[0x5900] len[38671]
V/WLAN_PSA(  331): NL MSG, PID: 331
V/WLAN_PSA(  331): NL MSG, len[914], NL type[0x11] WNI type[0x5050] len[894]
V/WLAN_PSA(  331): NL MSG, PID: 331
V/WLAN_PSA(  331): NL MSG, len[4073], NL type[0x1C] WNI type[0x5900] len[53519]
V/WLAN_PSA(  331): NL MSG, PID: 331
I/WifiHAL (  867): Poll result = 1
I/WifiHAL (  867): Found some events!!!
D/WifiHAL (  867): no_seq_check received
I/WifiHAL (  867): event received NL80211_CMD_NEW_SCAN_RESULTS
I/WifiHAL (  867): event received NL80211_CMD_NEW_SCAN_RESULTS, vendor_id = 0x0
I/WifiHAL (  867): event ignored!!
I/SurfaceFlinger(  264): FPS: 2
I/SurfaceFlinger(  264): FPS: 2
D/Netd    (  314): =====[xucm]:netd process is running!!!
V/WLAN_PSA(  331): NL MSG, len[4062], NL type[0x1C] WNI type[0x5900] len[50703]
V/WLAN_PSA(  331): NL MSG, PID: 331
I/SurfaceFlinger(  264): FPS: 2
I/SurfaceFlinger(  264): FPS: 2
I/SurfaceFlinger(  264): FPS: 2
I/SurfaceFlinger(  264): FPS: 2
I/SurfaceFlinger(  264): FPS: 2
V/WLAN_PSA(  331): NL MSG, len[4089], NL type[0x1C] WNI type[0x5900] len[57615]
V/WLAN_PSA(  331): NL MSG, PID: 331
I/SurfaceFlinger(  264): FPS: 2
I/SurfaceFlinger(  264): FPS: 2
I/SurfaceFlinger(  264): FPS: 2
I/SurfaceFlinger(  264): FPS: 2
V/WLAN_PSA(  331): NL MSG, len[4005], NL type[0x1C] WNI type[0x5900] len[36111]
V/WLAN_PSA(  331): NL MSG, PID: 331
D/StatusBar.MSimNetworkController( 2851): refreshViews phoneId =0mMSimDataConnected =false
D/StatusBar.MSimNetworkController( 2851): refreshViews mMSimDataActivity =0
D/StatusBar.MSimNetworkController( 2851): refreshViews: Data not connected!! Set no data type icon / Roaming for phoneId: 0
I/SurfaceFlinger(  264): FPS: 3
D/StatusBar.MSimNetworkController( 2851): refreshViews phoneId =0mMSimDataConnected =false
D/StatusBar.MSimNetworkController( 2851): refreshViews mMSimDataActivity =0
D/StatusBar.MSimNetworkController( 2851): refreshViews: Data not connected!! Set no data type icon / Roaming for phoneId: 0
I/SurfaceFlinger(  264): FPS: 3
I/SurfaceFlinger(  264): FPS: 2
E/GpsXtraDownloader(  867): No XTRA servers were specified in the GPS configuration
I/SurfaceFlinger(  264): FPS: 2
V/WLAN_PSA(  331): NL MSG, len[4088], NL type[0x1C] WNI type[0x5900] len[57359]
V/WLAN_PSA(  331): NL MSG, PID: 331
I/SurfaceFlinger(  264): FPS: 2
I/SurfaceFlinger(  264): FPS: 2
I/SurfaceFlinger(  264): FPS: 2
I/SurfaceFlinger(  264): FPS: 2
E/WifiStateMachine(  867): WifiStateMachine CMD_START_SCAN source -2 txSuccessRate=0.00 rxSuccessRate=3.60 targetRoamBSSID=any RSSI=-37
E/WifiStateMachine(  867): WifiStateMachine starting scan for "TP-Link_2FC1"-WPA_PSK with 2417
V/WLAN_PSA(  331): NL MSG, len[914], NL type[0x11] WNI type[0x5050] len[894]
V/WLAN_PSA(  331): NL MSG, PID: 331
V/WLAN_PSA(  331): NL MSG, len[4067], NL type[0x1C] WNI type[0x5900] len[51983]
V/WLAN_PSA(  331): NL MSG, PID: 331
I/WifiHAL (  867): Poll result = 1
I/WifiHAL (  867): Found some events!!!
D/WifiHAL (  867): no_seq_check received
I/WifiHAL (  867): event received NL80211_CMD_TRIGGER_SCAN
I/WifiHAL (  867): event received NL80211_CMD_TRIGGER_SCAN, vendor_id = 0x0
I/WifiHAL (  867): event ignored!!
V/WLAN_PSA(  331): NL MSG, len[048], NL type[0x11] WNI type[0x5050] len[028]
V/WLAN_PSA(  331): NL MSG, PID: 331
V/WLAN_PSA(  331): NL MSG, len[4044], NL type[0x1C] WNI type[0x5900] len[46095]
V/WLAN_PSA(  331): NL MSG, PID: 331
V/WLAN_PSA(  331): NL MSG, len[4023], NL type[0x1C] WNI type[0x5900] len[40719]
V/WLAN_PSA(  331): NL MSG, PID: 331
V/WLAN_PSA(  331): NL MSG, len[914], NL type[0x11] WNI type[0x5050] len[894]
V/WLAN_PSA(  331): NL MSG, PID: 331
I/WifiHAL (  867): Poll result = 1
I/WifiHAL (  867): Found some events!!!
D/WifiHAL (  867): no_seq_check received
I/WifiHAL (  867): event received NL80211_CMD_NEW_SCAN_RESULTS
I/WifiHAL (  867): event received NL80211_CMD_NEW_SCAN_RESULTS, vendor_id = 0x0
I/WifiHAL (  867): event ignored!!
V/WLAN_PSA(  331): NL MSG, len[4003], NL type[0x1C] WNI type[0x5900] len[35599]
V/WLAN_PSA(  331): NL MSG, PID: 331
I/SurfaceFlinger(  264): FPS: 2
V/WLAN_PSA(  331): NL MSG, len[4075], NL type[0x1C] WNI type[0x5900] len[54031]
V/WLAN_PSA(  331): NL MSG, PID: 331
I/SurfaceFlinger(  264): FPS: 2
I/SurfaceFlinger(  264): FPS: 2
I/SurfaceFlinger(  264): FPS: 2
I/rmt_storage(  313): rmt_storage_connect_cb: clnt_h=0x2cd conn_h=0xb851c7e0
I/rmt_storage(  313): rmt_storage_rw_iovec_cb: /boot/modem_fs2: clnt_h=0x0: req_h=0x2cd msg_id=3: R/W request received
I/rmt_storage(  313): wakelock acquired: 1, error no: 88
I/rmt_storage(  313): rmt_storage_client_thread: /boot/modem_fs2: clnt_h=0x0 Unblock worker thread (th_id: -1202599776)
I/rmt_storage(  313): rmt_storage_client_thread: /boot/modem_fs2: clnt_h=0x0: req_h=0x2cd msg_id=3: Bytes written = 917504
I/rmt_storage(  313): rmt_storage_client_thread: /boot/modem_fs2: clnt_h=0x0: req_h=0x2cd msg_id=3: Send response: res=0 err=0
I/rmt_storage(  313): rmt_storage_client_thread: /boot/modem_fs2: clnt_h=0x0 About to block rmt_storage client thread (th_id: -1202599776) wakelock released: 1, error no: 88
I/rmt_storage(  313): 
I/rmt_storage(  313): rmt_storage_disconnect_cb: clnt_h=0x2cd conn_h=0xb851c7e0
I/SurfaceFlinger(  264): FPS: 2
V/WLAN_PSA(  331): NL MSG, len[4037], NL type[0x1C] WNI type[0x5900] len[44303]
V/WLAN_PSA(  331): NL MSG, PID: 331
D/StatusBar.MSimNetworkController( 2851): refreshViews phoneId =0mMSimDataConnected =false
D/StatusBar.MSimNetworkController( 2851): refreshViews mMSimDataActivity =0
D/StatusBar.MSimNetworkController( 2851): refreshViews: Data not connected!! Set no data type icon / Roaming for phoneId: 0
I/SurfaceFlinger(  264): FPS: 2
D/StatusBar.MSimNetworkController( 2851): refreshViews phoneId =0mMSimDataConnected =false
D/StatusBar.MSimNetworkController( 2851): refreshViews mMSimDataActivity =0
D/StatusBar.MSimNetworkController( 2851): refreshViews: Data not connected!! Set no data type icon / Roaming for phoneId: 0
I/SurfaceFlinger(  264): FPS: 2
I/SurfaceFlinger(  264): FPS: 3
I/SurfaceFlinger(  264): FPS: 2
D/StatusBar.MSimNetworkController( 2851): refreshViews phoneId =0mMSimDataConnected =false
D/StatusBar.MSimNetworkController( 2851): refreshViews mMSimDataActivity =0
D/StatusBar.MSimNetworkController( 2851): refreshViews: Data not connected!! Set no data type icon / Roaming for phoneId: 0
V/WLAN_PSA(  331): NL MSG, len[4095], NL type[0x1C] WNI type[0x5900] len[59151]
V/WLAN_PSA(  331): NL MSG, PID: 331
I/SurfaceFlinger(  264): FPS: 3
D/StatusBar.MSimNetworkController( 2851): refreshViews phoneId =0mMSimDataConnected =false
D/StatusBar.MSimNetworkController( 2851): refreshViews mMSimDataActivity =0
D/StatusBar.MSimNetworkController( 2851): refreshViews: Data not connected!! Set no data type icon / Roaming for phoneId: 0
I/SurfaceFlinger(  264): FPS: 3
I/SurfaceFlinger(  264): FPS: 2
D/Netd    (  314): =====[xucm]:netd process is running!!!
D/StatusBar.MSimNetworkController( 2851): refreshViews phoneId =0mMSimDataConnected =false
D/StatusBar.MSimNetworkController( 2851): refreshViews mMSimDataActivity =0
D/StatusBar.MSimNetworkController( 2851): refreshViews: Data not connected!! Set no data type icon / Roaming for phoneId: 0
I/SurfaceFlinger(  264): FPS: 3
E/GpsXtraDownloader(  867): No XTRA servers were specified in the GPS configuration
V/WLAN_PSA(  331): NL MSG, len[4093], NL type[0x1C] WNI type[0x5900] len[58639]
V/WLAN_PSA(  331): NL MSG, PID: 331
D/StatusBar.MSimNetworkController( 2851): refreshViews phoneId =0mMSimDataConnected =false
D/StatusBar.MSimNetworkController( 2851): refreshViews mMSimDataActivity =0
D/StatusBar.MSimNetworkController( 2851): refreshViews: Data not connected!! Set no data type icon / Roaming for phoneId: 0
I/SurfaceFlinger(  264): FPS: 3
I/SurfaceFlinger(  264): FPS: 2
W/ContextImpl( 2851): Calling a method in the system process without a qualified user: android.app.ContextImpl.sendBroadcast:1425 android.content.ContextWrapper.sendBroadcast:384 com.android.systemui.statusbar.policy.DateView.updateClock:117 com.android.systemui.statusbar.policy.DateView$1.onReceive:59 android.app.LoadedApk$ReceiverDispatcher$Args.run:866 
W/ContextImpl( 2851): Calling a method in the system process without a qualified user: android.app.ContextImpl.sendBroadcast:1425 android.content.ContextWrapper.sendBroadcast:384 com.android.systemui.statusbar.policy.DateView.updateClock:117 com.android.systemui.statusbar.policy.DateView$1.onReceive:59 android.app.LoadedApk$ReceiverDispatcher$Args.run:866 
I/SurfaceFlinger(  264): FPS: 3
I/SurfaceFlinger(  264): FPS: 2
I/SurfaceFlinger(  264): FPS: 2
E/GpsXtraDownloader(  867): No XTRA servers were specified in the GPS configuration
V/WLAN_PSA(  331): NL MSG, len[4019], NL type[0x1C] WNI type[0x5900] len[39695]
V/WLAN_PSA(  331): NL MSG, PID: 331
I/SurfaceFlinger(  264): FPS: 2
I/SurfaceFlinger(  264): FPS: 2
E/WifiStateMachine(  867): WifiStateMachine CMD_START_SCAN source -2 txSuccessRate=0.06 rxSuccessRate=4.51 targetRoamBSSID=any RSSI=-34
V/WLAN_PSA(  331): NL MSG, len[914], NL type[0x11] WNI type[0x5050] len[894]
V/WLAN_PSA(  331): NL MSG, PID: 331
I/WifiHAL (  867): Poll result = 1
V/WLAN_PSA(  331): NL MSG, len[3961], NL type[0x1C] WNI type[0x5900] len[24847]
I/WifiHAL (  867): Found some events!!!
V/WLAN_PSA(  331): NL MSG, PID: 331
D/WifiHAL (  867): no_seq_check received
I/WifiHAL (  867): event received NL80211_CMD_TRIGGER_SCAN
I/WifiHAL (  867): event received NL80211_CMD_TRIGGER_SCAN, vendor_id = 0x0
I/WifiHAL (  867): event ignored!!
V/WLAN_PSA(  331): NL MSG, len[048], NL type[0x11] WNI type[0x5050] len[028]
V/WLAN_PSA(  331): NL MSG, PID: 331
V/WLAN_PSA(  331): NL MSG, len[4061], NL type[0x1C] WNI type[0x5900] len[50447]
V/WLAN_PSA(  331): NL MSG, PID: 331
V/WLAN_PSA(  331): NL MSG, len[4016], NL type[0x1C] WNI type[0x5900] len[38927]
V/WLAN_PSA(  331): NL MSG, PID: 331
V/WLAN_PSA(  331): NL MSG, len[4073], NL type[0x1C] WNI type[0x5900] len[53519]
V/WLAN_PSA(  331): NL MSG, PID: 331
V/WLAN_PSA(  331): NL MSG, len[4082], NL type[0x1C] WNI type[0x5900] len[55823]
V/WLAN_PSA(  331): NL MSG, PID: 331
V/WLAN_PSA(  331): NL MSG, len[4071], NL type[0x1C] WNI type[0x5900] len[53007]
V/WLAN_PSA(  331): NL MSG, PID: 331
V/WLAN_PSA(  331): NL MSG, len[4016], NL type[0x1C] WNI type[0x5900] len[38927]
V/WLAN_PSA(  331): NL MSG, PID: 331
V/WLAN_PSA(  331): NL MSG, len[4037], NL type[0x1C] WNI type[0x5900] len[44303]
V/WLAN_PSA(  331): NL MSG, PID: 331
V/WLAN_PSA(  331): NL MSG, len[4024], NL type[0x1C] WNI type[0x5900] len[40975]
V/WLAN_PSA(  331): NL MSG, PID: 331
V/WLAN_PSA(  331): NL MSG, len[4042], NL type[0x1C] WNI type[0x5900] len[45583]
V/WLAN_PSA(  331): NL MSG, PID: 331
V/WLAN_PSA(  331): NL MSG, len[4003], NL type[0x1C] WNI type[0x5900] len[35599]
V/WLAN_PSA(  331): NL MSG, PID: 331
V/WLAN_PSA(  331): NL MSG, len[914], NL type[0x11] WNI type[0x5050] len[894]
V/WLAN_PSA(  331): NL MSG, PID: 331
I/WifiHAL (  867): Poll result = 1
I/WifiHAL (  867): Found some events!!!
D/WifiHAL (  867): no_seq_check received
I/WifiHAL (  867): event received NL80211_CMD_NEW_SCAN_RESULTS
V/WLAN_PSA(  331): NL MSG, len[4063], NL type[0x1C] WNI type[0x5900] len[50959]
I/WifiHAL (  867): event received NL80211_CMD_NEW_SCAN_RESULTS, vendor_id = 0x0
V/WLAN_PSA(  331): NL MSG, PID: 331
I/WifiHAL (  867): event ignored!!
V/WLAN_PSA(  331): NL MSG, len[3926], NL type[0x1C] WNI type[0x5900] len[15887]
V/WLAN_PSA(  331): NL MSG, PID: 331
D/LBSSystemMonitorService(  867): handleMessage what - 4
D/Wiper_jni(  867): Send Network Location.
I/SurfaceFlinger(  264): FPS: 2
V/WLAN_PSA(  331): NL MSG, len[4051], NL type[0x1C] WNI type[0x5900] len[47887]
V/WLAN_PSA(  331): NL MSG, PID: 331
I/SurfaceFlinger(  264): FPS: 2
I/SurfaceFlinger(  264): FPS: 2
I/SurfaceFlinger(  264): FPS: 2
V/WLAN_PSA(  331): NL MSG, len[4012], NL type[0x1C] WNI type[0x5900] len[37903]
V/WLAN_PSA(  331): NL MSG, PID: 331
I/SurfaceFlinger(  264): FPS: 2
I/SurfaceFlinger(  264): FPS: 2
I/SurfaceFlinger(  264): FPS: 2
I/SurfaceFlinger(  264): FPS: 2
I/SurfaceFlinger(  264): FPS: 2
I/SurfaceFlinger(  264): FPS: 2
V/WLAN_PSA(  331): NL MSG, len[4019], NL type[0x1C] WNI type[0x5900] len[39695]
V/WLAN_PSA(  331): NL MSG, PID: 331
D/StatusBar.MSimNetworkController( 2851): refreshViews phoneId =0mMSimDataConnected =false
D/StatusBar.MSimNetworkController( 2851): refreshViews mMSimDataActivity =0
D/StatusBar.MSimNetworkController( 2851): refreshViews: Data not connected!! Set no data type icon / Roaming for phoneId: 0
I/SurfaceFlinger(  264): FPS: 3
D/StatusBar.MSimNetworkController( 2851): refreshViews phoneId =0mMSimDataConnected =false
D/StatusBar.MSimNetworkController( 2851): refreshViews mMSimDataActivity =0
D/StatusBar.MSimNetworkController( 2851): refreshViews: Data not connected!! Set no data type icon / Roaming for phoneId: 0
I/SurfaceFlinger(  264): FPS: 3
I/SurfaceFlinger(  264): FPS: 2
V/WLAN_PSA(  331): NL MSG, len[4072], NL type[0x1C] WNI type[0x5900] len[53263]
V/WLAN_PSA(  331): NL MSG, PID: 331
I/SurfaceFlinger(  264): FPS: 2
I/SurfaceFlinger(  264): FPS: 2
I/SurfaceFlinger(  264): FPS: 2
I/SurfaceFlinger(  264): FPS: 2
V/WLAN_PSA(  331): NL MSG, len[4021], NL type[0x1C] WNI type[0x5900] len[40207]
V/WLAN_PSA(  331): NL MSG, PID: 331
I/SurfaceFlinger(  264): FPS: 2
I/SurfaceFlinger(  264): FPS: 2
E/WifiStateMachine(  867): WifiStateMachine CMD_START_SCAN source -2 txSuccessRate=0.00 rxSuccessRate=12.77 targetRoamBSSID=any RSSI=-37
E/WifiStateMachine(  867): WifiStateMachine starting scan for "TP-Link_2FC1"-WPA_PSK with 2417
V/WLAN_PSA(  331): NL MSG, len[4000], NL type[0x1C] WNI type[0x5900] len[34831]
V/WLAN_PSA(  331): NL MSG, PID: 331
I/WifiHAL (  867): Poll result = 1
I/WifiHAL (  867): Found some events!!!
D/WifiHAL (  867): no_seq_check received
I/WifiHAL (  867): event received NL80211_CMD_TRIGGER_SCAN
V/WLAN_PSA(  331): NL MSG, len[914], NL type[0x11] WNI type[0x5050] len[894]
I/WifiHAL (  867): event received NL80211_CMD_TRIGGER_SCAN, vendor_id = 0x0
V/WLAN_PSA(  331): NL MSG, PID: 331
I/WifiHAL (  867): event ignored!!
V/WLAN_PSA(  331): NL MSG, len[048], NL type[0x11] WNI type[0x5050] len[028]
V/WLAN_PSA(  331): NL MSG, PID: 331
V/WLAN_PSA(  331): NL MSG, len[4012], NL type[0x1C] WNI type[0x5900] len[37903]
V/WLAN_PSA(  331): NL MSG, PID: 331
V/WLAN_PSA(  331): NL MSG, len[4084], NL type[0x1C] WNI type[0x5900] len[56335]
V/WLAN_PSA(  331): NL MSG, PID: 331
I/WifiHAL (  867): Poll result = 1
V/WLAN_PSA(  331): NL MSG, len[914], NL type[0x11] WNI type[0x5050] len[894]
V/WLAN_PSA(  331): NL MSG, PID: 331
I/WifiHAL (  867): Found some events!!!
D/WifiHAL (  867): no_seq_check received
V/WLAN_PSA(  331): NL MSG, len[3971], NL type[0x1C] WNI type[0x5900] len[27407]
I/WifiHAL (  867): event received NL80211_CMD_NEW_SCAN_RESULTS
V/WLAN_PSA(  331): NL MSG, PID: 331
I/WifiHAL (  867): event received NL80211_CMD_NEW_SCAN_RESULTS, vendor_id = 0x0
I/WifiHAL (  867): event ignored!!
I/SurfaceFlinger(  264): FPS: 2
V/WLAN_PSA(  331): NL MSG, len[4044], NL type[0x1C] WNI type[0x5900] len[46095]
V/WLAN_PSA(  331): NL MSG, PID: 331
D/StatusBar.MSimNetworkController( 2851): refreshViews phoneId =0mMSimDataConnected =false
D/StatusBar.MSimNetworkController( 2851): refreshViews mMSimDataActivity =0
D/StatusBar.MSimNetworkController( 2851): refreshViews: Data not connected!! Set no data type icon / Roaming for phoneId: 0
I/SurfaceFlinger(  264): FPS: 3
D/Netd    (  314): =====[xucm]:netd process is running!!!
D/StatusBar.MSimNetworkController( 2851): refreshViews phoneId =0mMSimDataConnected =false
D/StatusBar.MSimNetworkController( 2851): refreshViews mMSimDataActivity =0
D/StatusBar.MSimNetworkController( 2851): refreshViews: Data not connected!! Set no data type icon / Roaming for phoneId: 0
I/SurfaceFlinger(  264): FPS: 3
D/StatusBar.MSimNetworkController( 2851): refreshViews phoneId =0mMSimDataConnected =false
D/StatusBar.MSimNetworkController( 2851): refreshViews mMSimDataActivity =0
D/StatusBar.MSimNetworkController( 2851): refreshViews: Data not connected!! Set no data type icon / Roaming for phoneId: 0
I/SurfaceFlinger(  264): FPS: 3
D/StatusBar.MSimNetworkController( 2851): refreshViews phoneId =0mMSimDataConnected =false
D/StatusBar.MSimNetworkController( 2851): refreshViews mMSimDataActivity =0
D/StatusBar.MSimNetworkController( 2851): refreshViews: Data not connected!! Set no data type icon / Roaming for phoneId: 0
I/SurfaceFlinger(  264): FPS: 3
V/WLAN_PSA(  331): NL MSG, len[4081], NL type[0x1C] WNI type[0x5900] len[55567]
V/WLAN_PSA(  331): NL MSG, PID: 331
I/SurfaceFlinger(  264): FPS: 2
I/SurfaceFlinger(  264): FPS: 2
I/SurfaceFlinger(  264): FPS: 2
D/StatusBar.MSimNetworkController( 2851): refreshViews phoneId =0mMSimDataConnected =false
D/StatusBar.MSimNetworkController( 2851): refreshViews mMSimDataActivity =0
D/StatusBar.MSimNetworkController( 2851): refreshViews: Data not connected!! Set no data type icon / Roaming for phoneId: 0
I/SurfaceFlinger(  264): FPS: 3
V/WLAN_PSA(  331): NL MSG, len[4012], NL type[0x1C] WNI type[0x5900] len[37903]
V/WLAN_PSA(  331): NL MSG, PID: 331
D/StatusBar.MSimNetworkController( 2851): refreshViews phoneId =0mMSimDataConnected =false
D/StatusBar.MSimNetworkController( 2851): refreshViews mMSimDataActivity =0
D/StatusBar.MSimNetworkController( 2851): refreshViews: Data not connected!! Set no data type icon / Roaming for phoneId: 0
I/SurfaceFlinger(  264): FPS: 3
D/StatusBar.MSimNetworkController( 2851): refreshViews phoneId =0mMSimDataConnected =false
D/StatusBar.MSimNetworkController( 2851): refreshViews mMSimDataActivity =0
D/StatusBar.MSimNetworkController( 2851): refreshViews: Data not connected!! Set no data type icon / Roaming for phoneId: 0
I/SurfaceFlinger(  264): FPS: 3
I/SurfaceFlinger(  264): FPS: 2
I/SurfaceFlinger(  264): FPS: 2
D/StatusBar.MSimNetworkController( 2851): refreshViews phoneId =0mMSimDataConnected =false
D/StatusBar.MSimNetworkController( 2851): refreshViews mMSimDataActivity =0
D/StatusBar.MSimNetworkController( 2851): refreshViews: Data not connected!! Set no data type icon / Roaming for phoneId: 0
I/SurfaceFlinger(  264): FPS: 3
V/WLAN_PSA(  331): NL MSG, len[4019], NL type[0x1C] WNI type[0x5900] len[39695]
V/WLAN_PSA(  331): NL MSG, PID: 331
D/StatusBar.MSimNetworkController( 2851): refreshViews phoneId =0mMSimDataConnected =false
D/StatusBar.MSimNetworkController( 2851): refreshViews mMSimDataActivity =0
D/StatusBar.MSimNetworkController( 2851): refreshViews: Data not connected!! Set no data type icon / Roaming for phoneId: 0
I/SurfaceFlinger(  264): FPS: 3
I/SurfaceFlinger(  264): FPS: 2
I/SurfaceFlinger(  264): FPS: 2
V/WLAN_PSA(  331): NL MSG, len[4072], NL type[0x1C] WNI type[0x5900] len[53263]
V/WLAN_PSA(  331): NL MSG, PID: 331
I/SurfaceFlinger(  264): FPS: 2
I/SurfaceFlinger(  264): FPS: 2
E/WifiStateMachine(  867): WifiStateMachine CMD_START_SCAN source -2 txSuccessRate=0.06 rxSuccessRate=20.11 targetRoamBSSID=any RSSI=-37
E/WifiStateMachine(  867): WifiStateMachine starting scan for "TP-Link_2FC1"-WPA_PSK with 2417
V/WLAN_PSA(  331): NL MSG, len[4088], NL type[0x1C] WNI type[0x5900] len[57359]
V/WLAN_PSA(  331): NL MSG, PID: 331
V/WLAN_PSA(  331): NL MSG, len[914], NL type[0x11] WNI type[0x5050] len[894]
V/WLAN_PSA(  331): NL MSG, PID: 331
V/WLAN_PSA(  331): NL MSG, len[048], NL type[0x11] WNI type[0x5050] len[028]
V/WLAN_PSA(  331): NL MSG, PID: 331
I/WifiHAL (  867): Poll result = 1
I/WifiHAL (  867): Found some events!!!
D/WifiHAL (  867): no_seq_check received
I/WifiHAL (  867): event received NL80211_CMD_TRIGGER_SCAN
I/WifiHAL (  867): event received NL80211_CMD_TRIGGER_SCAN, vendor_id = 0x0
I/WifiHAL (  867): event ignored!!
V/WLAN_PSA(  331): NL MSG, len[4054], NL type[0x1C] WNI type[0x5900] len[48655]
V/WLAN_PSA(  331): NL MSG, PID: 331
V/WLAN_PSA(  331): NL MSG, len[4039], NL type[0x1C] WNI type[0x5900] len[44815]
V/WLAN_PSA(  331): NL MSG, PID: 331
V/WLAN_PSA(  331): NL MSG, len[914], NL type[0x11] WNI type[0x5050] len[894]
V/WLAN_PSA(  331): NL MSG, PID: 331
V/WLAN_PSA(  331): NL MSG, len[4092], NL type[0x1C] WNI type[0x5900] len[58383]
V/WLAN_PSA(  331): NL MSG, PID: 331
I/WifiHAL (  867): Poll result = 1
I/WifiHAL (  867): Found some events!!!
D/WifiHAL (  867): no_seq_check received
I/WifiHAL (  867): event received NL80211_CMD_NEW_SCAN_RESULTS
I/WifiHAL (  867): event received NL80211_CMD_NEW_SCAN_RESULTS, vendor_id = 0x0
I/WifiHAL (  867): event ignored!!
I/SurfaceFlinger(  264): FPS: 2
V/WLAN_PSA(  331): NL MSG, len[4021], NL type[0x1C] WNI type[0x5900] len[40207]
V/WLAN_PSA(  331): NL MSG, PID: 331
I/SurfaceFlinger(  264): FPS: 2
I/SurfaceFlinger(  264): FPS: 2
I/SurfaceFlinger(  264): FPS: 2
D/StatusBar.MSimNetworkController( 2851): refreshViews phoneId =0mMSimDataConnected =false
D/StatusBar.MSimNetworkController( 2851): refreshViews mMSimDataActivity =0
D/StatusBar.MSimNetworkController( 2851): refreshViews: Data not connected!! Set no data type icon / Roaming for phoneId: 0
I/SurfaceFlinger(  264): FPS: 3
D/StatusBar.MSimNetworkController( 2851): refreshViews phoneId =0mMSimDataConnected =false
D/StatusBar.MSimNetworkController( 2851): refreshViews mMSimDataActivity =0
D/StatusBar.MSimNetworkController( 2851): refreshViews: Data not connected!! Set no data type icon / Roaming for phoneId: 0
I/SurfaceFlinger(  264): FPS: 3
D/StatusBar.MSimNetworkController( 2851): refreshViews phoneId =0mMSimDataConnected =false
D/StatusBar.MSimNetworkController( 2851): refreshViews mMSimDataActivity =0
D/StatusBar.MSimNetworkController( 2851): refreshViews: Data not connected!! Set no data type icon / Roaming for phoneId: 0
I/SurfaceFlinger(  264): FPS: 3
V/WLAN_PSA(  331): NL MSG, len[4019], NL type[0x1C] WNI type[0x5900] len[39695]
V/WLAN_PSA(  331): NL MSG, PID: 331
D/StatusBar.MSimNetworkController( 2851): refreshViews phoneId =0mMSimDataConnected =false
D/StatusBar.MSimNetworkController( 2851): refreshViews mMSimDataActivity =0
D/StatusBar.MSimNetworkController( 2851): refreshViews: Data not connected!! Set no data type icon / Roaming for phoneId: 0
I/SurfaceFlinger(  264): FPS: 3
D/StatusBar.MSimNetworkController( 2851): refreshViews phoneId =0mMSimDataConnected =false
D/StatusBar.MSimNetworkController( 2851): refreshViews mMSimDataActivity =0
D/StatusBar.MSimNetworkController( 2851): refreshViews: Data not connected!! Set no data type icon / Roaming for phoneId: 0
I/SurfaceFlinger(  264): FPS: 3
D/StatusBar.MSimNetworkController( 2851): refreshViews phoneId =0mMSimDataConnected =false
D/StatusBar.MSimNetworkController( 2851): refreshViews mMSimDataActivity =0
D/StatusBar.MSimNetworkController( 2851): refreshViews: Data not connected!! Set no data type icon / Roaming for phoneId: 0
I/SurfaceFlinger(  264): FPS: 3
D/StatusBar.MSimNetworkController( 2851): refreshViews phoneId =0mMSimDataConnected =false
D/StatusBar.MSimNetworkController( 2851): refreshViews mMSimDataActivity =0
D/StatusBar.MSimNetworkController( 2851): refreshViews: Data not connected!! Set no data type icon / Roaming for phoneId: 0
V/WLAN_PSA(  331): NL MSG, len[4072], NL type[0x1C] WNI type[0x5900] len[53263]
V/WLAN_PSA(  331): NL MSG, PID: 331
I/SurfaceFlinger(  264): FPS: 3
I/SurfaceFlinger(  264): FPS: 2
D/StatusBar.MSimNetworkController( 2851): refreshViews phoneId =0mMSimDataConnected =false
D/StatusBar.MSimNetworkController( 2851): refreshViews mMSimDataActivity =0
D/StatusBar.MSimNetworkController( 2851): refreshViews: Data not connected!! Set no data type icon / Roaming for phoneId: 0
D/Netd    (  314): =====[xucm]:netd process is running!!!
I/SurfaceFlinger(  264): FPS: 3
I/SurfaceFlinger(  264): FPS: 2
V/WLAN_PSA(  331): NL MSG, len[4021], NL type[0x1C] WNI type[0x5900] len[40207]
V/WLAN_PSA(  331): NL MSG, PID: 331
D/StatusBar.MSimNetworkController( 2851): refreshViews phoneId =0mMSimDataConnected =false
D/StatusBar.MSimNetworkController( 2851): refreshViews mMSimDataActivity =0
D/StatusBar.MSimNetworkController( 2851): refreshViews: Data not connected!! Set no data type icon / Roaming for phoneId: 0
I/SurfaceFlinger(  264): FPS: 3
W/ContextImpl( 2851): Calling a method in the system process without a qualified user: android.app.ContextImpl.sendBroadcast:1425 android.content.ContextWrapper.sendBroadcast:384 com.android.systemui.statusbar.policy.DateView.updateClock:117 com.android.systemui.statusbar.policy.DateView$1.onReceive:59 android.app.LoadedApk$ReceiverDispatcher$Args.run:866 
W/ContextImpl( 2851): Calling a method in the system process without a qualified user: android.app.ContextImpl.sendBroadcast:1425 android.content.ContextWrapper.sendBroadcast:384 com.android.systemui.statusbar.policy.DateView.updateClock:117 com.android.systemui.statusbar.policy.DateView$1.onReceive:59 android.app.LoadedApk$ReceiverDispatcher$Args.run:866 
D/StatusBar.MSimNetworkController( 2851): refreshViews phoneId =0mMSimDataConnected =false
D/StatusBar.MSimNetworkController( 2851): refreshViews mMSimDataActivity =0
D/StatusBar.MSimNetworkController( 2851): refreshViews: Data not connected!! Set no data type icon / Roaming for phoneId: 0
I/SurfaceFlinger(  264): FPS: 4
E/GpsXtraDownloader(  867): No XTRA servers were specified in the GPS configuration
I/SurfaceFlinger(  264): FPS: 2
I/SurfaceFlinger(  264): FPS: 2
I/SurfaceFlinger(  264): FPS: 2
V/WLAN_PSA(  331): NL MSG, len[4019], NL type[0x1C] WNI type[0x5900] len[39695]
V/WLAN_PSA(  331): NL MSG, PID: 331
I/SurfaceFlinger(  264): FPS: 2
E/WifiStateMachine(  867): WifiStateMachine CMD_START_SCAN source -2 txSuccessRate=0.06 rxSuccessRate=4.30 targetRoamBSSID=any RSSI=-34
E/WifiStateMachine(  867): WifiStateMachine starting scan for "TP-Link_2FC1"-WPA_PSK with 2417
V/WLAN_PSA(  331): NL MSG, len[914], NL type[0x11] WNI type[0x5050] len[894]
V/WLAN_PSA(  331): NL MSG, PID: 331
V/WLAN_PSA(  331): NL MSG, len[3982], NL type[0x1C] WNI type[0x5900] len[30223]
V/WLAN_PSA(  331): NL MSG, PID: 331
I/WifiHAL (  867): Poll result = 1
I/WifiHAL (  867): Found some events!!!
D/WifiHAL (  867): no_seq_check received
I/WifiHAL (  867): event received NL80211_CMD_TRIGGER_SCAN
I/WifiHAL (  867): event received NL80211_CMD_TRIGGER_SCAN, vendor_id = 0x0
I/WifiHAL (  867): event ignored!!
V/WLAN_PSA(  331): NL MSG, len[048], NL type[0x11] WNI type[0x5050] len[028]
V/WLAN_PSA(  331): NL MSG, PID: 331
V/WLAN_PSA(  331): NL MSG, len[4094], NL type[0x1C] WNI type[0x5900] len[58895]
V/WLAN_PSA(  331): NL MSG, PID: 331
V/WLAN_PSA(  331): NL MSG, len[4016], NL type[0x1C] WNI type[0x5900] len[38927]
V/WLAN_PSA(  331): NL MSG, PID: 331
V/WLAN_PSA(  331): NL MSG, len[914], NL type[0x11] WNI type[0x5050] len[894]
V/WLAN_PSA(  331): NL MSG, PID: 331
V/WLAN_PSA(  331): NL MSG, len[4007], NL type[0x1C] WNI type[0x5900] len[36623]
V/WLAN_PSA(  331): NL MSG, PID: 331
I/WifiHAL (  867): Poll result = 1
I/WifiHAL (  867): Found some events!!!
D/WifiHAL (  867): no_seq_check received
I/WifiHAL (  867): event received NL80211_CMD_NEW_SCAN_RESULTS
I/WifiHAL (  867): event received NL80211_CMD_NEW_SCAN_RESULTS, vendor_id = 0x0
I/WifiHAL (  867): event ignored!!
I/SurfaceFlinger(  264): FPS: 2
V/WLAN_PSA(  331): NL MSG, len[4024], NL type[0x1C] WNI type[0x5900] len[40975]
V/WLAN_PSA(  331): NL MSG, PID: 331
I/SurfaceFlinger(  264): FPS: 2
E/GpsXtraDownloader(  867): No XTRA servers were specified in the GPS configuration
I/SurfaceFlinger(  264): FPS: 2
I/SurfaceFlinger(  264): FPS: 2
V/WLAN_PSA(  331): NL MSG, len[4055], NL type[0x1C] WNI type[0x5900] len[48911]
V/WLAN_PSA(  331): NL MSG, PID: 331
I/SurfaceFlinger(  264): FPS: 2
I/SurfaceFlinger(  264): FPS: 2
I/SurfaceFlinger(  264): FPS: 2
V/WLAN_PSA(  331): NL MSG, len[3993], NL type[0x1C] WNI type[0x5900] len[33039]
V/WLAN_PSA(  331): NL MSG, PID: 331
I/SurfaceFlinger(  264): FPS: 2
I/SurfaceFlinger(  264): FPS: 2
I/SurfaceFlinger(  264): FPS: 2
I/SurfaceFlinger(  264): FPS: 2
I/SurfaceFlinger(  264): FPS: 2
V/WLAN_PSA(  331): NL MSG, len[4021], NL type[0x1C] WNI type[0x5900] len[40207]
V/WLAN_PSA(  331): NL MSG, PID: 331
D/StatusBar.MSimNetworkController( 2851): refreshViews phoneId =0mMSimDataConnected =false
D/StatusBar.MSimNetworkController( 2851): refreshViews mMSimDataActivity =0
D/StatusBar.MSimNetworkController( 2851): refreshViews: Data not connected!! Set no data type icon / Roaming for phoneId: 0
I/SurfaceFlinger(  264): FPS: 3
D/StatusBar.MSimNetworkController( 2851): refreshViews phoneId =0mMSimDataConnected =false
D/StatusBar.MSimNetworkController( 2851): refreshViews mMSimDataActivity =0
D/StatusBar.MSimNetworkController( 2851): refreshViews: Data not connected!! Set no data type icon / Roaming for phoneId: 0
I/SurfaceFlinger(  264): FPS: 3
E/GpsXtraDownloader(  867): No XTRA servers were specified in the GPS configuration
I/SurfaceFlinger(  264): FPS: 2
I/SurfaceFlinger(  264): FPS: 2
V/WLAN_PSA(  331): NL MSG, len[4018], NL type[0x1C] WNI type[0x5900] len[39439]
V/WLAN_PSA(  331): NL MSG, PID: 331
I/SurfaceFlinger(  264): FPS: 2
I/SurfaceFlinger(  264): FPS: 2
I/SurfaceFlinger(  264): FPS: 2
E/WifiStateMachine(  867): WifiStateMachine CMD_START_SCAN source -2 txSuccessRate=0.00 rxSuccessRate=12.92 targetRoamBSSID=any RSSI=-35
E/WifiStateMachine(  867): WifiStateMachine starting scan for "TP-Link_2FC1"-WPA_PSK with 2417
V/WLAN_PSA(  331): NL MSG, len[914], NL type[0x11] WNI type[0x5050] len[894]
V/WLAN_PSA(  331): NL MSG, PID: 331
I/WifiHAL (  867): Poll result = 1
I/WifiHAL (  867): Found some events!!!
V/WLAN_PSA(  331): NL MSG, len[048], NL type[0x11] WNI type[0x5050] len[028]
D/WifiHAL (  867): no_seq_check received
V/WLAN_PSA(  331): NL MSG, PID: 331
I/WifiHAL (  867): event received NL80211_CMD_TRIGGER_SCAN
V/WLAN_PSA(  331): NL MSG, len[4092], NL type[0x1C] WNI type[0x5900] len[58383]
I/WifiHAL (  867): event received NL80211_CMD_TRIGGER_SCAN, vendor_id = 0x0
V/WLAN_PSA(  331): NL MSG, PID: 331
I/WifiHAL (  867): event ignored!!
V/WLAN_PSA(  331): NL MSG, len[4074], NL type[0x1C] WNI type[0x5900] len[53775]
V/WLAN_PSA(  331): NL MSG, PID: 331
V/WLAN_PSA(  331): NL MSG, len[4061], NL type[0x1C] WNI type[0x5900] len[50447]
V/WLAN_PSA(  331): NL MSG, PID: 331
V/WLAN_PSA(  331): NL MSG, len[914], NL type[0x11] WNI type[0x5050] len[894]
V/WLAN_PSA(  331): NL MSG, PID: 331
V/WLAN_PSA(  331): NL MSG, len[4054], NL type[0x1C] WNI type[0x5900] len[48655]
V/WLAN_PSA(  331): NL MSG, PID: 331
I/WifiHAL (  867): Poll result = 1
I/WifiHAL (  867): Found some events!!!
D/WifiHAL (  867): no_seq_check received
I/WifiHAL (  867): event received NL80211_CMD_NEW_SCAN_RESULTS
I/WifiHAL (  867): event received NL80211_CMD_NEW_SCAN_RESULTS, vendor_id = 0x0
I/WifiHAL (  867): event ignored!!
I/SurfaceFlinger(  264): FPS: 2
I/SurfaceFlinger(  264): FPS: 2
I/rmt_storage(  313): rmt_storage_connect_cb: clnt_h=0x2ce conn_h=0xb851c7e0
I/rmt_storage(  313): rmt_storage_rw_iovec_cb: /boot/modem_fs1: clnt_h=0xb851c408: req_h=0x2ce msg_id=3: R/W request received
I/rmt_storage(  313): wakelock acquired: 1, error no: 88
I/rmt_storage(  313): rmt_storage_client_thread: /boot/modem_fs1: clnt_h=0xb851c408 Unblock worker thread (th_id: -1202600624)
V/WLAN_PSA(  331): NL MSG, len[4049], NL type[0x1C] WNI type[0x5900] len[47375]
V/WLAN_PSA(  331): NL MSG, PID: 331
I/rmt_storage(  313): rmt_storage_client_thread: /boot/modem_fs1: clnt_h=0xb851c408: req_h=0x2ce msg_id=3: Bytes written = 917504
I/rmt_storage(  313): rmt_storage_client_thread: /boot/modem_fs1: clnt_h=0xb851c408: req_h=0x2ce msg_id=3: Send response: res=0 err=0
I/rmt_storage(  313): rmt_storage_client_thread: /boot/modem_fs1: clnt_h=0xb851c408 About to block rmt_storage client thread (th_id: -1202600624) wakelock released: 1, error no: 88
I/rmt_storage(  313): 
I/rmt_storage(  313): rmt_storage_disconnect_cb: clnt_h=0x2ce conn_h=0xb851c7e0
D/Netd    (  314): =====[xucm]:netd process is running!!!
I/SurfaceFlinger(  264): FPS: 2
I/SurfaceFlinger(  264): FPS: 2
E/GpsXtraDownloader(  867): No XTRA servers were specified in the GPS configuration
I/SurfaceFlinger(  264): FPS: 2
I/SurfaceFlinger(  264): FPS: 2
V/WLAN_PSA(  331): NL MSG, len[4095], NL type[0x1C] WNI type[0x5900] len[59151]
V/WLAN_PSA(  331): NL MSG, PID: 331
I/SurfaceFlinger(  264): FPS: 2
I/SurfaceFlinger(  264): FPS: 2
I/SurfaceFlinger(  264): FPS: 2
V/WLAN_PSA(  331): NL MSG, len[4075], NL type[0x1C] WNI type[0x5900] len[54031]
V/WLAN_PSA(  331): NL MSG, PID: 331
I/SurfaceFlinger(  264): FPS: 2
I/SurfaceFlinger(  264): FPS: 2
I/SurfaceFlinger(  264): FPS: 2
I/SurfaceFlinger(  264): FPS: 2
I/SurfaceFlinger(  264): FPS: 2
I/SurfaceFlinger(  264): FPS: 2
V/WLAN_PSA(  331): NL MSG, len[4091], NL type[0x1C] WNI type[0x5900] len[58127]
V/WLAN_PSA(  331): NL MSG, PID: 331
I/SurfaceFlinger(  264): FPS: 2
I/SurfaceFlinger(  264): FPS: 2
I/SurfaceFlinger(  264): FPS: 2
V/WLAN_PSA(  331): NL MSG, len[4018], NL type[0x1C] WNI type[0x5900] len[39439]
V/WLAN_PSA(  331): NL MSG, PID: 331
I/SurfaceFlinger(  264): FPS: 2
E/WifiStateMachine(  867): WifiStateMachine CMD_START_SCAN source -2 txSuccessRate=0.00 rxSuccessRate=5.27 targetRoamBSSID=any RSSI=-33
E/WifiStateMachine(  867): WifiStateMachine starting scan for "TP-Link_2FC1"-WPA_PSK with 2417
I/WifiHAL (  867): Poll result = 1
I/WifiHAL (  867): Found some events!!!
D/WifiHAL (  867): no_seq_check received
I/WifiHAL (  867): event received NL80211_CMD_TRIGGER_SCAN
V/WLAN_PSA(  331): NL MSG, len[914], NL type[0x11] WNI type[0x5050] len[894]
I/WifiHAL (  867): event received NL80211_CMD_TRIGGER_SCAN, vendor_id = 0x0
V/WLAN_PSA(  331): NL MSG, PID: 331
I/WifiHAL (  867): event ignored!!
V/WLAN_PSA(  331): NL MSG, len[4027], NL type[0x1C] WNI type[0x5900] len[41743]
V/WLAN_PSA(  331): NL MSG, PID: 331
V/WLAN_PSA(  331): NL MSG, len[048], NL type[0x11] WNI type[0x5050] len[028]
V/WLAN_PSA(  331): NL MSG, PID: 331
I/SurfaceFlinger(  264): FPS: 2
V/WLAN_PSA(  331): NL MSG, len[4054], NL type[0x1C] WNI type[0x5900] len[48655]
V/WLAN_PSA(  331): NL MSG, PID: 331
V/WLAN_PSA(  331): NL MSG, len[4041], NL type[0x1C] WNI type[0x5900] len[45327]
V/WLAN_PSA(  331): NL MSG, PID: 331
V/WLAN_PSA(  331): NL MSG, len[914], NL type[0x11] WNI type[0x5050] len[894]
V/WLAN_PSA(  331): NL MSG, PID: 331
I/WifiHAL (  867): Poll result = 1
I/WifiHAL (  867): Found some events!!!
D/WifiHAL (  867): no_seq_check received
I/WifiHAL (  867): event received NL80211_CMD_NEW_SCAN_RESULTS
I/WifiHAL (  867): event received NL80211_CMD_NEW_SCAN_RESULTS, vendor_id = 0x0
I/WifiHAL (  867): event ignored!!
V/WLAN_PSA(  331): NL MSG, len[4005], NL type[0x1C] WNI type[0x5900] len[36111]
V/WLAN_PSA(  331): NL MSG, PID: 331
I/SurfaceFlinger(  264): FPS: 2
I/SurfaceFlinger(  264): FPS: 2
V/WLAN_PSA(  331): NL MSG, len[4065], NL type[0x1C] WNI type[0x5900] len[51471]
V/WLAN_PSA(  331): NL MSG, PID: 331
I/SurfaceFlinger(  264): FPS: 2
I/SurfaceFlinger(  264): FPS: 2
I/SurfaceFlinger(  264): FPS: 2
I/SurfaceFlinger(  264): FPS: 2
D/StatusBar.MSimNetworkController( 2851): refreshViews phoneId =0mMSimDataConnected =false
D/StatusBar.MSimNetworkController( 2851): refreshViews mMSimDataActivity =0
D/StatusBar.MSimNetworkController( 2851): refreshViews: Data not connected!! Set no data type icon / Roaming for phoneId: 0
V/WLAN_PSA(  331): NL MSG, len[4020], NL type[0x1C] WNI type[0x5900] len[39951]
V/WLAN_PSA(  331): NL MSG, PID: 331
I/SurfaceFlinger(  264): FPS: 3
D/StatusBar.MSimNetworkController( 2851): refreshViews phoneId =0mMSimDataConnected =false
D/StatusBar.MSimNetworkController( 2851): refreshViews mMSimDataActivity =0
D/StatusBar.MSimNetworkController( 2851): refreshViews: Data not connected!! Set no data type icon / Roaming for phoneId: 0
I/SurfaceFlinger(  264): FPS: 3
I/SurfaceFlinger(  264): FPS: 2
I/SurfaceFlinger(  264): FPS: 2
V/WLAN_PSA(  331): NL MSG, len[4073], NL type[0x1C] WNI type[0x5900] len[53519]
V/WLAN_PSA(  331): NL MSG, PID: 331
I/SurfaceFlinger(  264): FPS: 2
D/Netd    (  314): =====[xucm]:netd process is running!!!
I/SurfaceFlinger(  264): FPS: 2
I/SurfaceFlinger(  264): FPS: 2
I/SurfaceFlinger(  264): FPS: 2
W/ContextImpl( 2851): Calling a method in the system process without a qualified user: android.app.ContextImpl.sendBroadcast:1425 android.content.ContextWrapper.sendBroadcast:384 com.android.systemui.statusbar.policy.DateView.updateClock:117 com.android.systemui.statusbar.policy.DateView$1.onReceive:59 android.app.LoadedApk$ReceiverDispatcher$Args.run:866 
W/ContextImpl( 2851): Calling a method in the system process without a qualified user: android.app.ContextImpl.sendBroadcast:1425 android.content.ContextWrapper.sendBroadcast:384 com.android.systemui.statusbar.policy.DateView.updateClock:117 com.android.systemui.statusbar.policy.DateView$1.onReceive:59 android.app.LoadedApk$ReceiverDispatcher$Args.run:866 
E/GpsXtraDownloader(  867): No XTRA servers were specified in the GPS configuration
I/SurfaceFlinger(  264): FPS: 3
V/WLAN_PSA(  331): NL MSG, len[4012], NL type[0x1C] WNI type[0x5900] len[37903]
V/WLAN_PSA(  331): NL MSG, PID: 331
I/SurfaceFlinger(  264): FPS: 2
I/SurfaceFlinger(  264): FPS: 2
I/SurfaceFlinger(  264): FPS: 2
V/WLAN_PSA(  331): NL MSG, len[4018], NL type[0x1C] WNI type[0x5900] len[39439]
V/WLAN_PSA(  331): NL MSG, PID: 331
I/SurfaceFlinger(  264): FPS: 2
E/WifiStateMachine(  867): WifiStateMachine CMD_START_SCAN source -2 txSuccessRate=0.06 rxSuccessRate=4.66 targetRoamBSSID=any RSSI=-36
E/WifiStateMachine(  867): WifiStateMachine starting scan for "TP-Link_2FC1"-WPA_PSK with 2417
V/WLAN_PSA(  331): NL MSG, len[914], NL type[0x11] WNI type[0x5050] len[894]
V/WLAN_PSA(  331): NL MSG, PID: 331
I/WifiHAL (  867): Poll result = 1
I/WifiHAL (  867): Found some events!!!
D/WifiHAL (  867): no_seq_check received
I/WifiHAL (  867): event received NL80211_CMD_TRIGGER_SCAN
I/WifiHAL (  867): event received NL80211_CMD_TRIGGER_SCAN, vendor_id = 0x0
I/WifiHAL (  867): event ignored!!
V/WLAN_PSA(  331): NL MSG, len[4020], NL type[0x1C] WNI type[0x5900] len[39951]
V/WLAN_PSA(  331): NL MSG, PID: 331
V/WLAN_PSA(  331): NL MSG, len[048], NL type[0x11] WNI type[0x5050] len[028]
V/WLAN_PSA(  331): NL MSG, PID: 331
V/WLAN_PSA(  331): NL MSG, len[4027], NL type[0x1C] WNI type[0x5900] len[41743]
V/WLAN_PSA(  331): NL MSG, PID: 331
V/WLAN_PSA(  331): NL MSG, len[4006], NL type[0x1C] WNI type[0x5900] len[36367]
V/WLAN_PSA(  331): NL MSG, PID: 331
I/WifiHAL (  867): Poll result = 1
V/WLAN_PSA(  331): NL MSG, len[914], NL type[0x11] WNI type[0x5050] len[894]
V/WLAN_PSA(  331): NL MSG, PID: 331
I/WifiHAL (  867): Found some events!!!
D/WifiHAL (  867): no_seq_check received
I/WifiHAL (  867): event received NL80211_CMD_NEW_SCAN_RESULTS
I/WifiHAL (  867): event received NL80211_CMD_NEW_SCAN_RESULTS, vendor_id = 0x0
I/WifiHAL (  867): event ignored!!
V/WLAN_PSA(  331): NL MSG, len[4073], NL type[0x1C] WNI type[0x5900] len[53519]
V/WLAN_PSA(  331): NL MSG, PID: 331
I/SurfaceFlinger(  264): FPS: 2
E/GpsXtraDownloader(  867): No XTRA servers were specified in the GPS configuration
E/GpsXtraDownloader(  867): No XTRA servers were specified in the GPS configuration
E/GpsXtraDownloader(  867): No XTRA servers were specified in the GPS configuration
E/GpsXtraDownloader(  867): No XTRA servers were specified in the GPS configuration
I/SurfaceFlinger(  264): FPS: 2
I/SurfaceFlinger(  264): FPS: 2
I/SurfaceFlinger(  264): FPS: 2
V/WLAN_PSA(  331): NL MSG, len[4035], NL type[0x1C] WNI type[0x5900] len[43791]
V/WLAN_PSA(  331): NL MSG, PID: 331
I/SurfaceFlinger(  264): FPS: 2
I/SurfaceFlinger(  264): FPS: 2
W/ProcessCpuTracker(  867): Skipping unknown process pid 5644
I/SurfaceFlinger(  264): FPS: 2
D/StatusBar.MSimNetworkController( 2851): refreshViews phoneId =0mMSimDataConnected =false
D/StatusBar.MSimNetworkController( 2851): refreshViews mMSimDataActivity =0
D/StatusBar.MSimNetworkController( 2851): refreshViews: Data not connected!! Set no data type icon / Roaming for phoneId: 0
I/SurfaceFlinger(  264): FPS: 3
V/WLAN_PSA(  331): NL MSG, len[4082], NL type[0x1C] WNI type[0x5900] len[55823]
V/WLAN_PSA(  331): NL MSG, PID: 331
D/StatusBar.MSimNetworkController( 2851): refreshViews phoneId =0mMSimDataConnected =false
D/StatusBar.MSimNetworkController( 2851): refreshViews mMSimDataActivity =0
D/StatusBar.MSimNetworkController( 2851): refreshViews: Data not connected!! Set no data type icon / Roaming for phoneId: 0
I/SurfaceFlinger(  264): FPS: 3
I/SurfaceFlinger(  264): FPS: 2
E/GpsXtraDownloader(  867): No XTRA servers were specified in the GPS configuration
I/SurfaceFlinger(  264): FPS: 2
I/MPushReceiver( 4321): >>> onReceive, MPush.I.client.hasStarted check isRunning...
I/MPushReceiver( 4321): >>> onReceive, MPush.I.client.isRunning do healthCheck...
D/MPUSH   ( 4321): <<< send heartbeat ping...
D/MPUSH   ( 4321): write packet end, packet.cmd=1, packet.body=0 costTime=1
I/MPushReceiver( 4321): >>> Mpush health check startAlarm, MPushReceiver.delay: 179000
D/MPUSH   ( 4321): >>> receive heartbeat pong...
D/StatusBar.MSimNetworkController( 2851): refreshViews phoneId =0mMSimDataConnected =false
D/StatusBar.MSimNetworkController( 2851): refreshViews mMSimDataActivity =0
D/StatusBar.MSimNetworkController( 2851): refreshViews: Data not connected!! Set no data type icon / Roaming for phoneId: 0
I/SurfaceFlinger(  264): FPS: 3
V/WLAN_PSA(  331): NL MSG, len[4088], NL type[0x1C] WNI type[0x5900] len[57359]
V/WLAN_PSA(  331): NL MSG, PID: 331
D/StatusBar.MSimNetworkController( 2851): refreshViews phoneId =0mMSimDataConnected =false
D/StatusBar.MSimNetworkController( 2851): refreshViews mMSimDataActivity =0
D/StatusBar.MSimNetworkController( 2851): refreshViews: Data not connected!! Set no data type icon / Roaming for phoneId: 0
I/SurfaceFlinger(  264): FPS: 3
I/SurfaceFlinger(  264): FPS: 2
I/SurfaceFlinger(  264): FPS: 2
I/SurfaceFlinger(  264): FPS: 2
I/SurfaceFlinger(  264): FPS: 2
V/WLAN_PSA(  331): NL MSG, len[4044], NL type[0x1C] WNI type[0x5900] len[46095]
V/WLAN_PSA(  331): NL MSG, PID: 331
I/SurfaceFlinger(  264): FPS: 2
I/SurfaceFlinger(  264): FPS: 2
E/WifiStateMachine(  867): WifiStateMachine CMD_START_SCAN source -2 txSuccessRate=0.25 rxSuccessRate=26.71 targetRoamBSSID=any RSSI=-35
E/WifiStateMachine(  867): WifiStateMachine starting scan for "TP-Link_2FC1"-WPA_PSK with 2417
V/WLAN_PSA(  331): NL MSG, len[914], NL type[0x11] WNI type[0x5050] len[894]
V/WLAN_PSA(  331): NL MSG, PID: 331
I/WifiHAL (  867): Poll result = 1
V/WLAN_PSA(  331): NL MSG, len[3971], NL type[0x1C] WNI type[0x5900] len[27407]
I/WifiHAL (  867): Found some events!!!
V/WLAN_PSA(  331): NL MSG, PID: 331
D/WifiHAL (  867): no_seq_check received
I/WifiHAL (  867): event received NL80211_CMD_TRIGGER_SCAN
I/WifiHAL (  867): event received NL80211_CMD_TRIGGER_SCAN, vendor_id = 0x0
I/WifiHAL (  867): event ignored!!
V/WLAN_PSA(  331): NL MSG, len[048], NL type[0x11] WNI type[0x5050] len[028]
V/WLAN_PSA(  331): NL MSG, PID: 331
V/WLAN_PSA(  331): NL MSG, len[3987], NL type[0x1C] WNI type[0x5900] len[31503]
V/WLAN_PSA(  331): NL MSG, PID: 331
V/WLAN_PSA(  331): NL MSG, len[4061], NL type[0x1C] WNI type[0x5900] len[50447]
V/WLAN_PSA(  331): NL MSG, PID: 331
V/WLAN_PSA(  331): NL MSG, len[914], NL type[0x11] WNI type[0x5050] len[894]
V/WLAN_PSA(  331): NL MSG, PID: 331
V/WLAN_PSA(  331): NL MSG, len[3991], NL type[0x1C] WNI type[0x5900] len[32527]
V/WLAN_PSA(  331): NL MSG, PID: 331
I/WifiHAL (  867): Poll result = 1
